// Jest Snapshot v1, https://goo.gl/fbAQLP

exports[`Button backgroundColor should return backgroundColor according to modifier 1`] = `
<View
  accessibilityRole="button"
  accessible={true}
  focusable={true}
  onClick={[Function]}
  onLayout={[Function]}
  onResponderGrant={[Function]}
  onResponderMove={[Function]}
  onResponderRelease={[Function]}
  onResponderTerminate={[Function]}
  onResponderTerminationRequest={[Function]}
  onStartShouldSetResponder={[Function]}
  style={
    Object {
      "alignItems": "center",
      "backgroundColor": "#F27052",
      "borderRadius": 999,
      "flexDirection": "row",
      "justifyContent": "center",
      "minWidth": 90,
      "opacity": 1,
      "paddingHorizontal": 20,
      "paddingVertical": 9.5,
    }
  }
>
  <Text
    numberOfLines={1}
    style={
      Array [
        Object {
          "backgroundColor": "transparent",
          "textAlign": "left",
        },
        undefined,
        undefined,
        undefined,
        undefined,
        Object {},
        undefined,
        undefined,
        Array [
          Object {
            "backgroundColor": "transparent",
            "flex": 0,
            "flexDirection": "row",
            "fontFamily": "System",
            "fontSize": 16,
            "fontWeight": "400",
            "lineHeight": 24,
          },
          Object {
            "color": "#FFFFFF",
          },
          Object {},
          Object {},
          undefined,
        ],
      ]
    }
  >
    Button
  </Text>
</View>
`;

exports[`Button backgroundColor should return backgroundColor according to prop value 1`] = `
<View
  accessibilityRole="button"
  accessible={true}
  focusable={true}
  onClick={[Function]}
  onLayout={[Function]}
  onResponderGrant={[Function]}
  onResponderMove={[Function]}
  onResponderRelease={[Function]}
  onResponderTerminate={[Function]}
  onResponderTerminationRequest={[Function]}
  onStartShouldSetResponder={[Function]}
  style={
    Object {
      "alignItems": "center",
      "backgroundColor": "red",
      "borderRadius": 999,
      "flexDirection": "row",
      "justifyContent": "center",
      "minWidth": 90,
      "opacity": 1,
      "paddingHorizontal": 20,
      "paddingVertical": 9.5,
    }
  }
>
  <Text
    numberOfLines={1}
    style={
      Array [
        Object {
          "backgroundColor": "transparent",
          "textAlign": "left",
        },
        undefined,
        undefined,
        undefined,
        undefined,
        Object {},
        undefined,
        undefined,
        Array [
          Object {
            "backgroundColor": "transparent",
            "flex": 0,
            "flexDirection": "row",
            "fontFamily": "System",
            "fontSize": 16,
            "fontWeight": "400",
            "lineHeight": 24,
          },
          Object {
            "color": "#FFFFFF",
          },
          Object {},
          Object {},
          undefined,
        ],
      ]
    }
  >
    Button
  </Text>
</View>
`;

exports[`Button backgroundColor should return defined theme backgroundColor 1`] = `
<View
  accessibilityRole="button"
  accessible={true}
  focusable={true}
  onClick={[Function]}
  onLayout={[Function]}
  onResponderGrant={[Function]}
  onResponderMove={[Function]}
  onResponderRelease={[Function]}
  onResponderTerminate={[Function]}
  onResponderTerminationRequest={[Function]}
  onStartShouldSetResponder={[Function]}
  style={
    Object {
      "alignItems": "center",
      "backgroundColor": "#C164BD",
      "borderRadius": 999,
      "flexDirection": "row",
      "justifyContent": "center",
      "minWidth": 90,
      "opacity": 1,
      "paddingHorizontal": 20,
      "paddingVertical": 9.5,
    }
  }
>
  <Text
    numberOfLines={1}
    style={
      Array [
        Object {
          "backgroundColor": "transparent",
          "textAlign": "left",
        },
        undefined,
        undefined,
        undefined,
        undefined,
        Object {},
        undefined,
        undefined,
        Array [
          Object {
            "backgroundColor": "transparent",
            "flex": 0,
            "flexDirection": "row",
            "fontFamily": "System",
            "fontSize": 16,
            "fontWeight": "400",
            "lineHeight": 24,
          },
          Object {
            "color": "#FFFFFF",
          },
          Object {},
          Object {},
          undefined,
        ],
      ]
    }
  >
    Button
  </Text>
</View>
`;

exports[`Button backgroundColor should return theme disabled color if button is disabled 1`] = `
<View
  accessibilityRole="button"
  accessible={true}
  focusable={true}
  onClick={[Function]}
  onLayout={[Function]}
  onResponderGrant={[Function]}
  onResponderMove={[Function]}
  onResponderRelease={[Function]}
  onResponderTerminate={[Function]}
  onResponderTerminationRequest={[Function]}
  onStartShouldSetResponder={[Function]}
  style={
    Object {
      "alignItems": "center",
      "backgroundColor": "#C2C7CB",
      "borderRadius": 999,
      "flexDirection": "row",
      "justifyContent": "center",
      "minWidth": 90,
      "opacity": 1,
      "paddingHorizontal": 20,
      "paddingVertical": 9.5,
    }
  }
>
  <Text
    numberOfLines={1}
    style={
      Array [
        Object {
          "backgroundColor": "transparent",
          "textAlign": "left",
        },
        undefined,
        undefined,
        undefined,
        undefined,
        Object {},
        undefined,
        undefined,
        Array [
          Object {
            "backgroundColor": "transparent",
            "flex": 0,
            "flexDirection": "row",
            "fontFamily": "System",
            "fontSize": 16,
            "fontWeight": "400",
            "lineHeight": 24,
          },
          Object {
            "color": "#FFFFFF",
          },
          Object {},
          Object {},
          undefined,
        ],
      ]
    }
  >
    Button
  </Text>
</View>
`;

exports[`Button backgroundColor should return undefined if this button is link 1`] = `
<View
  accessibilityRole="button"
  accessible={true}
  focusable={true}
  onClick={[Function]}
  onLayout={[Function]}
  onResponderGrant={[Function]}
  onResponderMove={[Function]}
  onResponderRelease={[Function]}
  onResponderTerminate={[Function]}
  onResponderTerminationRequest={[Function]}
  onStartShouldSetResponder={[Function]}
  style={
    Object {
      "alignItems": "center",
      "backgroundColor": "transparent",
      "borderRadius": 0,
      "flexDirection": "row",
      "justifyContent": "center",
      "minWidth": undefined,
      "opacity": 1,
      "paddingHorizontal": undefined,
      "paddingVertical": undefined,
    }
  }
>
  <Text
    numberOfLines={1}
    style={
      Array [
        Object {
          "backgroundColor": "transparent",
          "textAlign": "left",
        },
        undefined,
        undefined,
        undefined,
        undefined,
        Object {},
        undefined,
        undefined,
        Array [
          Object {
            "backgroundColor": "transparent",
            "flex": 0,
            "flexDirection": "row",
            "fontFamily": "System",
            "fontSize": 16,
            "fontWeight": "400",
            "lineHeight": 24,
          },
          Object {
            "color": "#5847FF",
          },
          Object {},
          Object {},
          undefined,
        ],
      ]
    }
  >
    Button
  </Text>
</View>
`;

exports[`Button backgroundColor should return undefined if this button is outline 1`] = `
<View
  accessibilityRole="button"
  accessible={true}
  focusable={true}
  onClick={[Function]}
  onLayout={[Function]}
  onResponderGrant={[Function]}
  onResponderMove={[Function]}
  onResponderRelease={[Function]}
  onResponderTerminate={[Function]}
  onResponderTerminationRequest={[Function]}
  onStartShouldSetResponder={[Function]}
  style={
    Object {
      "alignItems": "center",
      "backgroundColor": "transparent",
      "borderColor": "#5847FF",
      "borderRadius": 999,
      "borderWidth": 1,
      "flexDirection": "row",
      "justifyContent": "center",
      "minWidth": 90,
      "opacity": 1,
      "paddingHorizontal": 19,
      "paddingVertical": 8.5,
    }
  }
>
  <Text
    numberOfLines={1}
    style={
      Array [
        Object {
          "backgroundColor": "transparent",
          "textAlign": "left",
        },
        undefined,
        undefined,
        undefined,
        undefined,
        Object {},
        undefined,
        undefined,
        Array [
          Object {
            "backgroundColor": "transparent",
            "flex": 0,
            "flexDirection": "row",
            "fontFamily": "System",
            "fontSize": 16,
            "fontWeight": "400",
            "lineHeight": 24,
          },
          Object {
            "color": "#5847FF",
          },
          Object {},
          Object {},
          undefined,
        ],
      ]
    }
  >
    Button
  </Text>
</View>
`;

exports[`Button border radius should return 0 border radius when border radius prop is 0 1`] = `
<View
  accessibilityRole="button"
  accessible={true}
  focusable={true}
  onClick={[Function]}
  onLayout={[Function]}
  onResponderGrant={[Function]}
  onResponderMove={[Function]}
  onResponderRelease={[Function]}
  onResponderTerminate={[Function]}
  onResponderTerminationRequest={[Function]}
  onStartShouldSetResponder={[Function]}
  style={
    Object {
      "alignItems": "center",
      "backgroundColor": "#5847FF",
      "borderRadius": 0,
      "flexDirection": "row",
      "justifyContent": "center",
      "minWidth": 90,
      "opacity": 1,
      "paddingHorizontal": 20,
      "paddingVertical": 9.5,
    }
  }
>
  <Text
    numberOfLines={1}
    style={
      Array [
        Object {
          "backgroundColor": "transparent",
          "textAlign": "left",
        },
        undefined,
        undefined,
        undefined,
        undefined,
        Object {},
        undefined,
        undefined,
        Array [
          Object {
            "backgroundColor": "transparent",
            "flex": 0,
            "flexDirection": "row",
            "fontFamily": "System",
            "fontSize": 16,
            "fontWeight": "400",
            "lineHeight": 24,
          },
          Object {
            "color": "#FFFFFF",
          },
          Object {},
          Object {},
          undefined,
        ],
      ]
    }
  >
    Button
  </Text>
</View>
`;

exports[`Button border radius should return 0 border radius when button is full width 1`] = `
<View
  accessibilityRole="button"
  accessible={true}
  focusable={true}
  onClick={[Function]}
  onLayout={[Function]}
  onResponderGrant={[Function]}
  onResponderMove={[Function]}
  onResponderRelease={[Function]}
  onResponderTerminate={[Function]}
  onResponderTerminationRequest={[Function]}
  onStartShouldSetResponder={[Function]}
  style={
    Object {
      "alignItems": "center",
      "backgroundColor": "#5847FF",
      "borderRadius": 0,
      "flexDirection": "row",
      "justifyContent": "center",
      "minWidth": 90,
      "opacity": 1,
      "paddingHorizontal": 20,
      "paddingVertical": 9.5,
    }
  }
>
  <Text
    numberOfLines={1}
    style={
      Array [
        Object {
          "backgroundColor": "transparent",
          "textAlign": "left",
        },
        undefined,
        undefined,
        undefined,
        undefined,
        Object {},
        undefined,
        undefined,
        Array [
          Object {
            "backgroundColor": "transparent",
            "flex": 0,
            "flexDirection": "row",
            "fontFamily": "System",
            "fontSize": 16,
            "fontWeight": "400",
            "lineHeight": 24,
          },
          Object {
            "color": "#FFFFFF",
          },
          Object {},
          Object {},
          undefined,
        ],
      ]
    }
  >
    Button
  </Text>
</View>
`;

exports[`Button border radius should return given border radius when use plain number 1`] = `
<View
  accessibilityRole="button"
  accessible={true}
  focusable={true}
  onClick={[Function]}
  onLayout={[Function]}
  onResponderGrant={[Function]}
  onResponderMove={[Function]}
  onResponderRelease={[Function]}
  onResponderTerminate={[Function]}
  onResponderTerminationRequest={[Function]}
  onStartShouldSetResponder={[Function]}
  style={
    Object {
      "alignItems": "center",
      "backgroundColor": "#5847FF",
      "borderRadius": 12,
      "flexDirection": "row",
      "justifyContent": "center",
      "minWidth": 90,
      "opacity": 1,
      "paddingHorizontal": 20,
      "paddingVertical": 9.5,
    }
  }
>
  <Text
    numberOfLines={1}
    style={
      Array [
        Object {
          "backgroundColor": "transparent",
          "textAlign": "left",
        },
        undefined,
        undefined,
        undefined,
        undefined,
        Object {},
        undefined,
        undefined,
        Array [
          Object {
            "backgroundColor": "transparent",
            "flex": 0,
            "flexDirection": "row",
            "fontFamily": "System",
            "fontSize": 16,
            "fontWeight": "400",
            "lineHeight": 24,
          },
          Object {
            "color": "#FFFFFF",
          },
          Object {},
          Object {},
          undefined,
        ],
      ]
    }
  >
    Button
  </Text>
</View>
`;

exports[`Button container size should avoid minWidth limitation if avoidMinWidth was sent 1`] = `
<View
  accessibilityRole="button"
  accessible={true}
  focusable={true}
  onClick={[Function]}
  onLayout={[Function]}
  onResponderGrant={[Function]}
  onResponderMove={[Function]}
  onResponderRelease={[Function]}
  onResponderTerminate={[Function]}
  onResponderTerminationRequest={[Function]}
  onStartShouldSetResponder={[Function]}
  style={
    Object {
      "alignItems": "center",
      "backgroundColor": "#5847FF",
      "borderRadius": 999,
      "flexDirection": "row",
      "justifyContent": "center",
      "minWidth": undefined,
      "opacity": 1,
      "paddingHorizontal": 16,
      "paddingVertical": 6.5,
    }
  }
>
  <Text
    numberOfLines={1}
    style={
      Array [
        Object {
          "backgroundColor": "transparent",
          "textAlign": "left",
        },
        undefined,
        undefined,
        undefined,
        undefined,
        Object {},
        undefined,
        undefined,
        Array [
          Object {
            "backgroundColor": "transparent",
            "flex": 0,
            "flexDirection": "row",
            "fontFamily": "System",
            "fontSize": 16,
            "fontWeight": "400",
            "lineHeight": 24,
          },
          Object {
            "color": "#FFFFFF",
          },
          Object {
            "fontFamily": "System",
            "fontSize": 14,
            "fontWeight": "400",
            "lineHeight": 20,
          },
          Object {},
          undefined,
        ],
      ]
    }
  >
    Button
  </Text>
</View>
`;

exports[`Button container size should have no padding if avoidInnerPadding prop was sent 1`] = `
<View
  accessibilityRole="button"
  accessible={true}
  focusable={true}
  onClick={[Function]}
  onLayout={[Function]}
  onResponderGrant={[Function]}
  onResponderMove={[Function]}
  onResponderRelease={[Function]}
  onResponderTerminate={[Function]}
  onResponderTerminationRequest={[Function]}
  onStartShouldSetResponder={[Function]}
  style={
    Object {
      "alignItems": "center",
      "backgroundColor": "#5847FF",
      "borderRadius": 999,
      "flexDirection": "row",
      "justifyContent": "center",
      "minWidth": 77,
      "opacity": 1,
      "paddingHorizontal": undefined,
      "paddingVertical": undefined,
    }
  }
>
  <Text
    numberOfLines={1}
    style={
      Array [
        Object {
          "backgroundColor": "transparent",
          "textAlign": "left",
        },
        undefined,
        undefined,
        undefined,
        undefined,
        Object {},
        undefined,
        undefined,
        Array [
          Object {
            "backgroundColor": "transparent",
            "flex": 0,
            "flexDirection": "row",
            "fontFamily": "System",
            "fontSize": 16,
            "fontWeight": "400",
            "lineHeight": 24,
          },
          Object {
            "color": "#FFFFFF",
          },
          Object {
            "fontFamily": "System",
            "fontSize": 14,
            "fontWeight": "400",
            "lineHeight": 20,
          },
          Object {},
          undefined,
        ],
      ]
    }
  >
    Button
  </Text>
</View>
`;

exports[`Button container size should have no padding of button is a link nor min width 1`] = `
<View
  accessibilityRole="button"
  accessible={true}
  focusable={true}
  onClick={[Function]}
  onLayout={[Function]}
  onResponderGrant={[Function]}
  onResponderMove={[Function]}
  onResponderRelease={[Function]}
  onResponderTerminate={[Function]}
  onResponderTerminationRequest={[Function]}
  onStartShouldSetResponder={[Function]}
  style={
    Object {
      "alignItems": "center",
      "backgroundColor": "transparent",
      "borderRadius": 0,
      "flexDirection": "row",
      "justifyContent": "center",
      "minWidth": undefined,
      "opacity": 1,
      "paddingHorizontal": undefined,
      "paddingVertical": undefined,
    }
  }
>
  <Text
    numberOfLines={1}
    style={
      Array [
        Object {
          "backgroundColor": "transparent",
          "textAlign": "left",
        },
        undefined,
        undefined,
        undefined,
        undefined,
        Object {},
        undefined,
        undefined,
        Array [
          Object {
            "backgroundColor": "transparent",
            "flex": 0,
            "flexDirection": "row",
            "fontFamily": "System",
            "fontSize": 16,
            "fontWeight": "400",
            "lineHeight": 24,
          },
          Object {
            "color": "#5847FF",
          },
          Object {
            "fontFamily": "System",
            "fontSize": 14,
            "fontWeight": "400",
            "lineHeight": 20,
          },
          Object {},
          undefined,
        ],
      ]
    }
  >
    Button
  </Text>
</View>
`;

exports[`Button container size should have no padding of button is an icon button 1`] = `
<View
  accessibilityRole="button"
  accessible={true}
  focusable={true}
  onClick={[Function]}
  onLayout={[Function]}
  onResponderGrant={[Function]}
  onResponderMove={[Function]}
  onResponderRelease={[Function]}
  onResponderTerminate={[Function]}
  onResponderTerminationRequest={[Function]}
  onStartShouldSetResponder={[Function]}
  style={
    Object {
      "alignItems": "center",
      "backgroundColor": "#5847FF",
      "borderRadius": 999,
      "flexDirection": "row",
      "justifyContent": "center",
      "minWidth": 77,
      "opacity": 1,
      "paddingHorizontal": 16,
      "paddingVertical": 6.5,
    }
  }
>
  <Image
    accessibilityRole="image"
    accessible={false}
    assetGroup="icons"
    onError={[Function]}
    source={14}
    style={
      Array [
        undefined,
        undefined,
        undefined,
        undefined,
        undefined,
        Object {},
        Array [
          Object {
            "marginRight": 8,
            "tintColor": "#FFFFFF",
          },
          undefined,
        ],
      ]
    }
  />
  <Text
    numberOfLines={1}
    style={
      Array [
        Object {
          "backgroundColor": "transparent",
          "textAlign": "left",
        },
        undefined,
        undefined,
        undefined,
        undefined,
        Object {},
        undefined,
        undefined,
        Array [
          Object {
            "backgroundColor": "transparent",
            "flex": 0,
            "flexDirection": "row",
            "fontFamily": "System",
            "fontSize": 16,
            "fontWeight": "400",
            "lineHeight": 24,
          },
          Object {
            "color": "#FFFFFF",
          },
          Object {
            "fontFamily": "System",
            "fontSize": 14,
            "fontWeight": "400",
            "lineHeight": 20,
          },
          Object {},
          undefined,
        ],
      ]
    }
  >
    Button
  </Text>
</View>
`;

exports[`Button container size should reduce padding by outlineWidth in case of outline button 1`] = `
<View
  accessibilityRole="button"
  accessible={true}
  focusable={true}
  onClick={[Function]}
  onLayout={[Function]}
  onResponderGrant={[Function]}
  onResponderMove={[Function]}
  onResponderRelease={[Function]}
  onResponderTerminate={[Function]}
  onResponderTerminationRequest={[Function]}
  onStartShouldSetResponder={[Function]}
  style={
    Object {
      "alignItems": "center",
      "backgroundColor": "transparent",
      "borderColor": "#5847FF",
      "borderRadius": 999,
      "borderWidth": 2,
      "flexDirection": "row",
      "justifyContent": "center",
      "minWidth": 90,
      "opacity": 1,
      "paddingHorizontal": 18,
      "paddingVertical": 7.5,
    }
  }
>
  <Text
    numberOfLines={1}
    style={
      Array [
        Object {
          "backgroundColor": "transparent",
          "textAlign": "left",
        },
        undefined,
        undefined,
        undefined,
        undefined,
        Object {},
        undefined,
        undefined,
        Array [
          Object {
            "backgroundColor": "transparent",
            "flex": 0,
            "flexDirection": "row",
            "fontFamily": "System",
            "fontSize": 16,
            "fontWeight": "400",
            "lineHeight": 24,
          },
          Object {
            "color": "#5847FF",
          },
          Object {},
          Object {},
          undefined,
        ],
      ]
    }
  >
    Button
  </Text>
</View>
`;

exports[`Button container size should return style for large button 1`] = `
<View
  accessibilityRole="button"
  accessible={true}
  focusable={true}
  onClick={[Function]}
  onLayout={[Function]}
  onResponderGrant={[Function]}
  onResponderMove={[Function]}
  onResponderRelease={[Function]}
  onResponderTerminate={[Function]}
  onResponderTerminationRequest={[Function]}
  onStartShouldSetResponder={[Function]}
  style={
    Object {
      "alignItems": "center",
      "backgroundColor": "#5847FF",
      "borderRadius": 999,
      "flexDirection": "row",
      "justifyContent": "center",
      "minWidth": 90,
      "opacity": 1,
      "paddingHorizontal": 20,
      "paddingVertical": 9.5,
    }
  }
>
  <Text
    numberOfLines={1}
    style={
      Array [
        Object {
          "backgroundColor": "transparent",
          "textAlign": "left",
        },
        undefined,
        undefined,
        undefined,
        undefined,
        Object {},
        undefined,
        undefined,
        Array [
          Object {
            "backgroundColor": "transparent",
            "flex": 0,
            "flexDirection": "row",
            "fontFamily": "System",
            "fontSize": 16,
            "fontWeight": "400",
            "lineHeight": 24,
          },
          Object {
            "color": "#FFFFFF",
          },
          Object {},
          Object {},
          undefined,
        ],
      ]
    }
  >
    Button
  </Text>
</View>
`;

exports[`Button container size should return style for large button 2`] = `
<View
  accessibilityRole="button"
  accessible={true}
  focusable={true}
  onClick={[Function]}
  onLayout={[Function]}
  onResponderGrant={[Function]}
  onResponderMove={[Function]}
  onResponderRelease={[Function]}
  onResponderTerminate={[Function]}
  onResponderTerminationRequest={[Function]}
  onStartShouldSetResponder={[Function]}
  style={
    Object {
      "alignItems": "center",
      "backgroundColor": "transparent",
      "borderColor": "#5847FF",
      "borderRadius": 999,
      "borderWidth": 1,
      "flexDirection": "row",
      "justifyContent": "center",
      "minWidth": 90,
      "opacity": 1,
      "paddingHorizontal": 19,
      "paddingVertical": 8.5,
    }
  }
>
  <Text
    numberOfLines={1}
    style={
      Array [
        Object {
          "backgroundColor": "transparent",
          "textAlign": "left",
        },
        undefined,
        undefined,
        undefined,
        undefined,
        Object {},
        undefined,
        undefined,
        Array [
          Object {
            "backgroundColor": "transparent",
            "flex": 0,
            "flexDirection": "row",
            "fontFamily": "System",
            "fontSize": 16,
            "fontWeight": "400",
            "lineHeight": 24,
          },
          Object {
            "color": "#5847FF",
          },
          Object {},
          Object {},
          undefined,
        ],
      ]
    }
  >
    Button
  </Text>
</View>
`;

exports[`Button container size should return style for medium button 1`] = `
<View
  accessibilityRole="button"
  accessible={true}
  focusable={true}
  onClick={[Function]}
  onLayout={[Function]}
  onResponderGrant={[Function]}
  onResponderMove={[Function]}
  onResponderRelease={[Function]}
  onResponderTerminate={[Function]}
  onResponderTerminationRequest={[Function]}
  onStartShouldSetResponder={[Function]}
  style={
    Object {
      "alignItems": "center",
      "backgroundColor": "#5847FF",
      "borderRadius": 999,
      "flexDirection": "row",
      "justifyContent": "center",
      "minWidth": 77,
      "opacity": 1,
      "paddingHorizontal": 16,
      "paddingVertical": 6.5,
    }
  }
>
  <Text
    numberOfLines={1}
    style={
      Array [
        Object {
          "backgroundColor": "transparent",
          "textAlign": "left",
        },
        undefined,
        undefined,
        undefined,
        undefined,
        Object {},
        undefined,
        undefined,
        Array [
          Object {
            "backgroundColor": "transparent",
            "flex": 0,
            "flexDirection": "row",
            "fontFamily": "System",
            "fontSize": 16,
            "fontWeight": "400",
            "lineHeight": 24,
          },
          Object {
            "color": "#FFFFFF",
          },
          Object {
            "fontFamily": "System",
            "fontSize": 14,
            "fontWeight": "400",
            "lineHeight": 20,
          },
          Object {},
          undefined,
        ],
      ]
    }
  >
    Button
  </Text>
</View>
`;

exports[`Button container size should return style for medium button 2`] = `
<View
  accessibilityRole="button"
  accessible={true}
  focusable={true}
  onClick={[Function]}
  onLayout={[Function]}
  onResponderGrant={[Function]}
  onResponderMove={[Function]}
  onResponderRelease={[Function]}
  onResponderTerminate={[Function]}
  onResponderTerminationRequest={[Function]}
  onStartShouldSetResponder={[Function]}
  style={
    Object {
      "alignItems": "center",
      "backgroundColor": "transparent",
      "borderColor": "#5847FF",
      "borderRadius": 999,
      "borderWidth": 1,
      "flexDirection": "row",
      "justifyContent": "center",
      "minWidth": 77,
      "opacity": 1,
      "paddingHorizontal": 15,
      "paddingVertical": 5.5,
    }
  }
>
  <Text
    numberOfLines={1}
    style={
      Array [
        Object {
          "backgroundColor": "transparent",
          "textAlign": "left",
        },
        undefined,
        undefined,
        undefined,
        undefined,
        Object {},
        undefined,
        undefined,
        Array [
          Object {
            "backgroundColor": "transparent",
            "flex": 0,
            "flexDirection": "row",
            "fontFamily": "System",
            "fontSize": 16,
            "fontWeight": "400",
            "lineHeight": 24,
          },
          Object {
            "color": "#5847FF",
          },
          Object {
            "fontFamily": "System",
            "fontSize": 14,
            "fontWeight": "400",
            "lineHeight": 20,
          },
          Object {},
          undefined,
        ],
      ]
    }
  >
    Button
  </Text>
</View>
`;

exports[`Button container size should return style for round button 1`] = `
<View
  accessibilityRole="button"
  accessible={true}
  focusable={true}
  onClick={[Function]}
  onLayout={[Function]}
  onResponderGrant={[Function]}
  onResponderMove={[Function]}
  onResponderRelease={[Function]}
  onResponderTerminate={[Function]}
  onResponderTerminationRequest={[Function]}
  onStartShouldSetResponder={[Function]}
  style={
    Object {
      "alignItems": "center",
      "backgroundColor": "#5847FF",
      "borderRadius": 999,
      "flexDirection": "row",
      "height": undefined,
      "justifyContent": "center",
      "opacity": 1,
      "padding": 9.5,
      "width": undefined,
    }
  }
>
  <Text
    numberOfLines={1}
    style={
      Array [
        Object {
          "backgroundColor": "transparent",
          "textAlign": "left",
        },
        undefined,
        undefined,
        undefined,
        undefined,
        Object {},
        undefined,
        undefined,
        Array [
          Object {
            "backgroundColor": "transparent",
            "flex": 0,
            "flexDirection": "row",
            "fontFamily": "System",
            "fontSize": 16,
            "fontWeight": "400",
            "lineHeight": 24,
          },
          Object {
            "color": "#FFFFFF",
          },
          Object {},
          Object {},
          undefined,
        ],
      ]
    }
  >
    Button
  </Text>
</View>
`;

exports[`Button container size should return style for small button 1`] = `
<View
  accessibilityRole="button"
  accessible={true}
  focusable={true}
  onClick={[Function]}
  onLayout={[Function]}
  onResponderGrant={[Function]}
  onResponderMove={[Function]}
  onResponderRelease={[Function]}
  onResponderTerminate={[Function]}
  onResponderTerminationRequest={[Function]}
  onStartShouldSetResponder={[Function]}
  style={
    Object {
      "alignItems": "center",
      "backgroundColor": "#5847FF",
      "borderRadius": 999,
      "flexDirection": "row",
      "justifyContent": "center",
      "minWidth": 70,
      "opacity": 1,
      "paddingHorizontal": 14,
      "paddingVertical": 4.5,
    }
  }
>
  <Text
    numberOfLines={1}
    style={
      Array [
        Object {
          "backgroundColor": "transparent",
          "textAlign": "left",
        },
        undefined,
        undefined,
        undefined,
        undefined,
        Object {},
        undefined,
        undefined,
        Array [
          Object {
            "backgroundColor": "transparent",
            "flex": 0,
            "flexDirection": "row",
            "fontFamily": "System",
            "fontSize": 16,
            "fontWeight": "400",
            "lineHeight": 24,
          },
          Object {
            "color": "#FFFFFF",
          },
          Object {
            "fontFamily": "System",
            "fontSize": 14,
            "fontWeight": "400",
            "lineHeight": 20,
          },
          Object {},
          undefined,
        ],
      ]
    }
  >
    Button
  </Text>
</View>
`;

exports[`Button container size should return style for small button 2`] = `
<View
  accessibilityRole="button"
  accessible={true}
  focusable={true}
  onClick={[Function]}
  onLayout={[Function]}
  onResponderGrant={[Function]}
  onResponderMove={[Function]}
  onResponderRelease={[Function]}
  onResponderTerminate={[Function]}
  onResponderTerminationRequest={[Function]}
  onStartShouldSetResponder={[Function]}
  style={
    Object {
      "alignItems": "center",
      "backgroundColor": "transparent",
      "borderColor": "#5847FF",
      "borderRadius": 999,
      "borderWidth": 1,
      "flexDirection": "row",
      "justifyContent": "center",
      "minWidth": 70,
      "opacity": 1,
      "paddingHorizontal": 13,
      "paddingVertical": 3.5,
    }
  }
>
  <Text
    numberOfLines={1}
    style={
      Array [
        Object {
          "backgroundColor": "transparent",
          "textAlign": "left",
        },
        undefined,
        undefined,
        undefined,
        undefined,
        Object {},
        undefined,
        undefined,
        Array [
          Object {
            "backgroundColor": "transparent",
            "flex": 0,
            "flexDirection": "row",
            "fontFamily": "System",
            "fontSize": 16,
            "fontWeight": "400",
            "lineHeight": 24,
          },
          Object {
            "color": "#5847FF",
          },
          Object {
            "fontFamily": "System",
            "fontSize": 14,
            "fontWeight": "400",
            "lineHeight": 20,
          },
          Object {},
          undefined,
        ],
      ]
    }
  >
    Button
  </Text>
</View>
`;

exports[`Button container size should return style for xSmall button 1`] = `
<View
  accessibilityRole="button"
  accessible={true}
  focusable={true}
  onClick={[Function]}
  onLayout={[Function]}
  onResponderGrant={[Function]}
  onResponderMove={[Function]}
  onResponderRelease={[Function]}
  onResponderTerminate={[Function]}
  onResponderTerminationRequest={[Function]}
  onStartShouldSetResponder={[Function]}
  style={
    Object {
      "alignItems": "center",
      "backgroundColor": "#5847FF",
      "borderRadius": 999,
      "flexDirection": "row",
      "justifyContent": "center",
      "minWidth": 66,
      "opacity": 1,
      "paddingHorizontal": 11,
      "paddingVertical": 3,
    }
  }
>
  <Text
    numberOfLines={1}
    style={
      Array [
        Object {
          "backgroundColor": "transparent",
          "textAlign": "left",
        },
        undefined,
        undefined,
        undefined,
        undefined,
        Object {},
        undefined,
        undefined,
        Array [
          Object {
            "backgroundColor": "transparent",
            "flex": 0,
            "flexDirection": "row",
            "fontFamily": "System",
            "fontSize": 16,
            "fontWeight": "400",
            "lineHeight": 24,
          },
          Object {
            "color": "#FFFFFF",
          },
          Object {
            "fontFamily": "System",
            "fontSize": 14,
            "fontWeight": "400",
            "lineHeight": 20,
          },
          Object {},
          undefined,
        ],
      ]
    }
  >
    Button
  </Text>
</View>
`;

exports[`Button container size should return style for xSmall button 2`] = `
<View
  accessibilityRole="button"
  accessible={true}
  focusable={true}
  onClick={[Function]}
  onLayout={[Function]}
  onResponderGrant={[Function]}
  onResponderMove={[Function]}
  onResponderRelease={[Function]}
  onResponderTerminate={[Function]}
  onResponderTerminationRequest={[Function]}
  onStartShouldSetResponder={[Function]}
  style={
    Object {
      "alignItems": "center",
      "backgroundColor": "transparent",
      "borderColor": "#5847FF",
      "borderRadius": 999,
      "borderWidth": 1,
      "flexDirection": "row",
      "justifyContent": "center",
      "minWidth": 66,
      "opacity": 1,
      "paddingHorizontal": 10,
      "paddingVertical": 2,
    }
  }
>
  <Text
    numberOfLines={1}
    style={
      Array [
        Object {
          "backgroundColor": "transparent",
          "textAlign": "left",
        },
        undefined,
        undefined,
        undefined,
        undefined,
        Object {},
        undefined,
        undefined,
        Array [
          Object {
            "backgroundColor": "transparent",
            "flex": 0,
            "flexDirection": "row",
            "fontFamily": "System",
            "fontSize": 16,
            "fontWeight": "400",
            "lineHeight": 24,
          },
          Object {
            "color": "#5847FF",
          },
          Object {
            "fontFamily": "System",
            "fontSize": 14,
            "fontWeight": "400",
            "lineHeight": 20,
          },
          Object {},
          undefined,
        ],
      ]
    }
  >
    Button
  </Text>
</View>
`;

exports[`Button icon should apply color on icon 1`] = `
<View
  accessibilityRole="button"
  accessible={true}
  focusable={true}
  onClick={[Function]}
  onLayout={[Function]}
  onResponderGrant={[Function]}
  onResponderMove={[Function]}
  onResponderRelease={[Function]}
  onResponderTerminate={[Function]}
  onResponderTerminationRequest={[Function]}
  onStartShouldSetResponder={[Function]}
  style={
    Object {
      "alignItems": "center",
      "backgroundColor": "#5847FF",
      "borderRadius": 999,
      "flexDirection": "row",
      "justifyContent": "center",
      "minWidth": undefined,
      "opacity": 1,
      "paddingHorizontal": undefined,
      "paddingVertical": undefined,
    }
  }
>
  <Image
    accessibilityRole="image"
    accessible={false}
    assetGroup="icons"
    onError={[Function]}
    source={12}
    style={
      Array [
        undefined,
        undefined,
        undefined,
        undefined,
        undefined,
        Object {},
        Array [
          Object {
            "tintColor": "green",
          },
          undefined,
        ],
      ]
    }
  />
</View>
`;

exports[`Button icon should apply color on icon 2`] = `
<View
  accessibilityRole="button"
  accessible={true}
  focusable={true}
  onClick={[Function]}
  onLayout={[Function]}
  onResponderGrant={[Function]}
  onResponderMove={[Function]}
  onResponderRelease={[Function]}
  onResponderTerminate={[Function]}
  onResponderTerminationRequest={[Function]}
  onStartShouldSetResponder={[Function]}
  style={
    Object {
      "alignItems": "center",
      "backgroundColor": "#5847FF",
      "borderRadius": 999,
      "flexDirection": "row",
      "justifyContent": "center",
      "minWidth": undefined,
      "opacity": 1,
      "paddingHorizontal": undefined,
      "paddingVertical": undefined,
    }
  }
>
  <Image
    accessibilityRole="image"
    accessible={false}
    assetGroup="icons"
    onError={[Function]}
    source={12}
    style={
      Array [
        undefined,
        undefined,
        undefined,
        undefined,
        undefined,
        Object {},
        Array [
          Object {
            "tintColor": "#FF563D",
          },
          undefined,
        ],
      ]
    }
  />
</View>
`;

exports[`Button icon should include custom iconStyle provided as a prop 1`] = `
<View
  accessibilityRole="button"
  accessible={true}
  focusable={true}
  onClick={[Function]}
  onLayout={[Function]}
  onResponderGrant={[Function]}
  onResponderMove={[Function]}
  onResponderRelease={[Function]}
  onResponderTerminate={[Function]}
  onResponderTerminationRequest={[Function]}
  onStartShouldSetResponder={[Function]}
  style={
    Object {
      "alignItems": "center",
      "backgroundColor": "#5847FF",
      "borderRadius": 999,
      "flexDirection": "row",
      "justifyContent": "center",
      "minWidth": undefined,
      "opacity": 1,
      "paddingHorizontal": undefined,
      "paddingVertical": undefined,
    }
  }
>
  <Image
    accessibilityRole="image"
    accessible={false}
    assetGroup="icons"
    onError={[Function]}
    source={12}
    style={
      Array [
        undefined,
        undefined,
        undefined,
        undefined,
        undefined,
        Object {},
        Array [
          Object {
            "tintColor": undefined,
          },
          Object {
            "marginRight": 9,
            "tintColor": "red",
          },
        ],
      ]
    }
  />
</View>
`;

exports[`Button icon should return icon style according to different variations 1`] = `
<View
  accessibilityRole="button"
  accessible={true}
  focusable={true}
  onClick={[Function]}
  onLayout={[Function]}
  onResponderGrant={[Function]}
  onResponderMove={[Function]}
  onResponderRelease={[Function]}
  onResponderTerminate={[Function]}
  onResponderTerminationRequest={[Function]}
  onStartShouldSetResponder={[Function]}
  style={
    Object {
      "alignItems": "center",
      "backgroundColor": "transparent",
      "borderColor": "#5847FF",
      "borderRadius": 999,
      "borderWidth": 1,
      "flexDirection": "row",
      "justifyContent": "center",
      "minWidth": undefined,
      "opacity": 1,
      "paddingHorizontal": undefined,
      "paddingVertical": undefined,
    }
  }
>
  <Image
    accessibilityRole="image"
    accessible={false}
    assetGroup="icons"
    onError={[Function]}
    source={12}
    style={
      Array [
        undefined,
        undefined,
        undefined,
        undefined,
        undefined,
        Object {},
        Array [
          Object {
            "tintColor": "#5847FF",
          },
          undefined,
        ],
      ]
    }
  />
</View>
`;

exports[`Button icon should return icon style according to different variations 2`] = `
<View
  accessibilityRole="button"
  accessible={true}
  focusable={true}
  onClick={[Function]}
  onLayout={[Function]}
  onResponderGrant={[Function]}
  onResponderMove={[Function]}
  onResponderRelease={[Function]}
  onResponderTerminate={[Function]}
  onResponderTerminationRequest={[Function]}
  onStartShouldSetResponder={[Function]}
  style={
    Object {
      "alignItems": "center",
      "backgroundColor": "transparent",
      "borderRadius": 0,
      "flexDirection": "row",
      "justifyContent": "center",
      "minWidth": undefined,
      "opacity": 1,
      "paddingHorizontal": undefined,
      "paddingVertical": undefined,
    }
  }
>
  <Image
    accessibilityRole="image"
    accessible={false}
    assetGroup="icons"
    onError={[Function]}
    source={12}
    style={
      Array [
        undefined,
        undefined,
        undefined,
        undefined,
        undefined,
        Object {},
        Array [
          Object {
            "tintColor": "#5847FF",
          },
          undefined,
        ],
      ]
    }
  />
</View>
`;

exports[`Button icon should return icon style according to different variations 3`] = `
<View
  accessibilityRole="button"
  accessible={true}
  focusable={true}
  onClick={[Function]}
  onLayout={[Function]}
  onResponderGrant={[Function]}
  onResponderMove={[Function]}
  onResponderRelease={[Function]}
  onResponderTerminate={[Function]}
  onResponderTerminationRequest={[Function]}
  onStartShouldSetResponder={[Function]}
  style={
    Object {
      "alignItems": "center",
      "backgroundColor": "#C2C7CB",
      "borderRadius": 999,
      "flexDirection": "row",
      "justifyContent": "center",
      "minWidth": undefined,
      "opacity": 1,
      "paddingHorizontal": undefined,
      "paddingVertical": undefined,
    }
  }
>
  <Image
    accessibilityRole="image"
    accessible={false}
    assetGroup="icons"
    onError={[Function]}
    source={12}
    style={
      Array [
        undefined,
        undefined,
        undefined,
        undefined,
        undefined,
        Object {},
        Array [
          Object {
            "tintColor": undefined,
          },
          undefined,
        ],
      ]
    }
  />
</View>
`;

exports[`Button icon should return the right spacing according to button size when label exists and icon on the right 1`] = `
<View
  accessibilityRole="button"
  accessible={true}
  focusable={true}
  onClick={[Function]}
  onLayout={[Function]}
  onResponderGrant={[Function]}
  onResponderMove={[Function]}
  onResponderRelease={[Function]}
  onResponderTerminate={[Function]}
  onResponderTerminationRequest={[Function]}
  onStartShouldSetResponder={[Function]}
  style={
    Object {
      "alignItems": "center",
      "backgroundColor": "#5847FF",
      "borderRadius": 999,
      "flexDirection": "row",
      "justifyContent": "center",
      "minWidth": 90,
      "opacity": 1,
      "paddingHorizontal": 20,
      "paddingVertical": 9.5,
    }
  }
>
  <Text
    numberOfLines={1}
    style={
      Array [
        Object {
          "backgroundColor": "transparent",
          "textAlign": "left",
        },
        undefined,
        undefined,
        undefined,
        undefined,
        Object {},
        undefined,
        undefined,
        Array [
          Object {
            "backgroundColor": "transparent",
            "flex": 0,
            "flexDirection": "row",
            "fontFamily": "System",
            "fontSize": 16,
            "fontWeight": "400",
            "lineHeight": 24,
          },
          Object {
            "color": "#FFFFFF",
          },
          Object {},
          Object {},
          undefined,
        ],
      ]
    }
  >
    Button
  </Text>
</View>
`;

exports[`Button icon should return the right spacing according to button size when label exists and icon on the right 2`] = `
<View
  accessibilityRole="button"
  accessible={true}
  focusable={true}
  onClick={[Function]}
  onLayout={[Function]}
  onResponderGrant={[Function]}
  onResponderMove={[Function]}
  onResponderRelease={[Function]}
  onResponderTerminate={[Function]}
  onResponderTerminationRequest={[Function]}
  onStartShouldSetResponder={[Function]}
  style={
    Object {
      "alignItems": "center",
      "backgroundColor": "#5847FF",
      "borderRadius": 999,
      "flexDirection": "row",
      "justifyContent": "center",
      "minWidth": 77,
      "opacity": 1,
      "paddingHorizontal": 16,
      "paddingVertical": 6.5,
    }
  }
>
  <Text
    numberOfLines={1}
    style={
      Array [
        Object {
          "backgroundColor": "transparent",
          "textAlign": "left",
        },
        undefined,
        undefined,
        undefined,
        undefined,
        Object {},
        undefined,
        undefined,
        Array [
          Object {
            "backgroundColor": "transparent",
            "flex": 0,
            "flexDirection": "row",
            "fontFamily": "System",
            "fontSize": 16,
            "fontWeight": "400",
            "lineHeight": 24,
          },
          Object {
            "color": "#FFFFFF",
          },
          Object {
            "fontFamily": "System",
            "fontSize": 14,
            "fontWeight": "400",
            "lineHeight": 20,
          },
          Object {},
          undefined,
        ],
      ]
    }
  >
    Button
  </Text>
</View>
`;

exports[`Button icon should return the right spacing according to button size when label exists and icon on the right 3`] = `
<View
  accessibilityRole="button"
  accessible={true}
  focusable={true}
  onClick={[Function]}
  onLayout={[Function]}
  onResponderGrant={[Function]}
  onResponderMove={[Function]}
  onResponderRelease={[Function]}
  onResponderTerminate={[Function]}
  onResponderTerminationRequest={[Function]}
  onStartShouldSetResponder={[Function]}
  style={
    Object {
      "alignItems": "center",
      "backgroundColor": "#5847FF",
      "borderRadius": 999,
      "flexDirection": "row",
      "justifyContent": "center",
      "minWidth": 70,
      "opacity": 1,
      "paddingHorizontal": 14,
      "paddingVertical": 4.5,
    }
  }
>
  <Text
    numberOfLines={1}
    style={
      Array [
        Object {
          "backgroundColor": "transparent",
          "textAlign": "left",
        },
        undefined,
        undefined,
        undefined,
        undefined,
        Object {},
        undefined,
        undefined,
        Array [
          Object {
            "backgroundColor": "transparent",
            "flex": 0,
            "flexDirection": "row",
            "fontFamily": "System",
            "fontSize": 16,
            "fontWeight": "400",
            "lineHeight": 24,
          },
          Object {
            "color": "#FFFFFF",
          },
          Object {
            "fontFamily": "System",
            "fontSize": 14,
            "fontWeight": "400",
            "lineHeight": 20,
          },
          Object {},
          undefined,
        ],
      ]
    }
  >
    Button
  </Text>
</View>
`;

exports[`Button icon should return the right spacing according to button size when label exists and icon on the right 4`] = `
<View
  accessibilityRole="button"
  accessible={true}
  focusable={true}
  onClick={[Function]}
  onLayout={[Function]}
  onResponderGrant={[Function]}
  onResponderMove={[Function]}
  onResponderRelease={[Function]}
  onResponderTerminate={[Function]}
  onResponderTerminationRequest={[Function]}
  onStartShouldSetResponder={[Function]}
  style={
    Object {
      "alignItems": "center",
      "backgroundColor": "#5847FF",
      "borderRadius": 999,
      "flexDirection": "row",
      "justifyContent": "center",
      "minWidth": 66,
      "opacity": 1,
      "paddingHorizontal": 11,
      "paddingVertical": 3,
    }
  }
>
  <Text
    numberOfLines={1}
    style={
      Array [
        Object {
          "backgroundColor": "transparent",
          "textAlign": "left",
        },
        undefined,
        undefined,
        undefined,
        undefined,
        Object {},
        undefined,
        undefined,
        Array [
          Object {
            "backgroundColor": "transparent",
            "flex": 0,
            "flexDirection": "row",
            "fontFamily": "System",
            "fontSize": 16,
            "fontWeight": "400",
            "lineHeight": 24,
          },
          Object {
            "color": "#FFFFFF",
          },
          Object {
            "fontFamily": "System",
            "fontSize": 14,
            "fontWeight": "400",
            "lineHeight": 20,
          },
          Object {},
          undefined,
        ],
      ]
    }
  >
    Button
  </Text>
</View>
`;

exports[`Button label size should return style for large button 1`] = `
<View
  accessibilityRole="button"
  accessible={true}
  focusable={true}
  onClick={[Function]}
  onLayout={[Function]}
  onResponderGrant={[Function]}
  onResponderMove={[Function]}
  onResponderRelease={[Function]}
  onResponderTerminate={[Function]}
  onResponderTerminationRequest={[Function]}
  onStartShouldSetResponder={[Function]}
  style={
    Object {
      "alignItems": "center",
      "backgroundColor": "#5847FF",
      "borderRadius": 999,
      "flexDirection": "row",
      "justifyContent": "center",
      "minWidth": 90,
      "opacity": 1,
      "paddingHorizontal": 20,
      "paddingVertical": 9.5,
    }
  }
>
  <Text
    numberOfLines={1}
    style={
      Array [
        Object {
          "backgroundColor": "transparent",
          "textAlign": "left",
        },
        undefined,
        undefined,
        undefined,
        undefined,
        Object {},
        undefined,
        undefined,
        Array [
          Object {
            "backgroundColor": "transparent",
            "flex": 0,
            "flexDirection": "row",
            "fontFamily": "System",
            "fontSize": 16,
            "fontWeight": "400",
            "lineHeight": 24,
          },
          Object {
            "color": "#FFFFFF",
          },
          Object {},
          Object {},
          undefined,
        ],
      ]
    }
  >
    Button
  </Text>
</View>
`;

exports[`Button label size should return style for medium button 1`] = `
<View
  accessibilityRole="button"
  accessible={true}
  focusable={true}
  onClick={[Function]}
  onLayout={[Function]}
  onResponderGrant={[Function]}
  onResponderMove={[Function]}
  onResponderRelease={[Function]}
  onResponderTerminate={[Function]}
  onResponderTerminationRequest={[Function]}
  onStartShouldSetResponder={[Function]}
  style={
    Object {
      "alignItems": "center",
      "backgroundColor": "#5847FF",
      "borderRadius": 999,
      "flexDirection": "row",
      "justifyContent": "center",
      "minWidth": 77,
      "opacity": 1,
      "paddingHorizontal": 16,
      "paddingVertical": 6.5,
    }
  }
>
  <Text
    numberOfLines={1}
    style={
      Array [
        Object {
          "backgroundColor": "transparent",
          "textAlign": "left",
        },
        undefined,
        undefined,
        undefined,
        undefined,
        Object {},
        undefined,
        undefined,
        Array [
          Object {
            "backgroundColor": "transparent",
            "flex": 0,
            "flexDirection": "row",
            "fontFamily": "System",
            "fontSize": 16,
            "fontWeight": "400",
            "lineHeight": 24,
          },
          Object {
            "color": "#FFFFFF",
          },
          Object {
            "fontFamily": "System",
            "fontSize": 14,
            "fontWeight": "400",
            "lineHeight": 20,
          },
          Object {},
          undefined,
        ],
      ]
    }
  >
    Button
  </Text>
</View>
`;

exports[`Button label size should return style for small button 1`] = `
<View
  accessibilityRole="button"
  accessible={true}
  focusable={true}
  onClick={[Function]}
  onLayout={[Function]}
  onResponderGrant={[Function]}
  onResponderMove={[Function]}
  onResponderRelease={[Function]}
  onResponderTerminate={[Function]}
  onResponderTerminationRequest={[Function]}
  onStartShouldSetResponder={[Function]}
  style={
    Object {
      "alignItems": "center",
      "backgroundColor": "#5847FF",
      "borderRadius": 999,
      "flexDirection": "row",
      "justifyContent": "center",
      "minWidth": 70,
      "opacity": 1,
      "paddingHorizontal": 14,
      "paddingVertical": 4.5,
    }
  }
>
  <Text
    numberOfLines={1}
    style={
      Array [
        Object {
          "backgroundColor": "transparent",
          "textAlign": "left",
        },
        undefined,
        undefined,
        undefined,
        undefined,
        Object {},
        undefined,
        undefined,
        Array [
          Object {
            "backgroundColor": "transparent",
            "flex": 0,
            "flexDirection": "row",
            "fontFamily": "System",
            "fontSize": 16,
            "fontWeight": "400",
            "lineHeight": 24,
          },
          Object {
            "color": "#FFFFFF",
          },
          Object {
            "fontFamily": "System",
            "fontSize": 14,
            "fontWeight": "400",
            "lineHeight": 20,
          },
          Object {},
          undefined,
        ],
      ]
    }
  >
    Button
  </Text>
</View>
`;

exports[`Button label size should return style for xSmall button 1`] = `
<View
  accessibilityRole="button"
  accessible={true}
  focusable={true}
  onClick={[Function]}
  onLayout={[Function]}
  onResponderGrant={[Function]}
  onResponderMove={[Function]}
  onResponderRelease={[Function]}
  onResponderTerminate={[Function]}
  onResponderTerminationRequest={[Function]}
  onStartShouldSetResponder={[Function]}
  style={
    Object {
      "alignItems": "center",
      "backgroundColor": "#5847FF",
      "borderRadius": 999,
      "flexDirection": "row",
      "justifyContent": "center",
      "minWidth": 66,
      "opacity": 1,
      "paddingHorizontal": 11,
      "paddingVertical": 3,
    }
  }
>
  <Text
    numberOfLines={1}
    style={
      Array [
        Object {
          "backgroundColor": "transparent",
          "textAlign": "left",
        },
        undefined,
        undefined,
        undefined,
        undefined,
        Object {},
        undefined,
        undefined,
        Array [
          Object {
            "backgroundColor": "transparent",
            "flex": 0,
            "flexDirection": "row",
            "fontFamily": "System",
            "fontSize": 16,
            "fontWeight": "400",
            "lineHeight": 24,
          },
          Object {
            "color": "#FFFFFF",
          },
          Object {
            "fontFamily": "System",
            "fontSize": 14,
            "fontWeight": "400",
            "lineHeight": 20,
          },
          Object {},
          undefined,
        ],
      ]
    }
  >
    Button
  </Text>
</View>
`;

exports[`Button labelColor should return Theme linkColor color for link 1`] = `
<View
  accessibilityRole="button"
  accessible={true}
  focusable={true}
  onClick={[Function]}
  onLayout={[Function]}
  onResponderGrant={[Function]}
  onResponderMove={[Function]}
  onResponderRelease={[Function]}
  onResponderTerminate={[Function]}
  onResponderTerminationRequest={[Function]}
  onStartShouldSetResponder={[Function]}
  style={
    Object {
      "alignItems": "center",
      "backgroundColor": "transparent",
      "borderRadius": 0,
      "flexDirection": "row",
      "justifyContent": "center",
      "minWidth": undefined,
      "opacity": 1,
      "paddingHorizontal": undefined,
      "paddingVertical": undefined,
    }
  }
>
  <Text
    numberOfLines={1}
    style={
      Array [
        Object {
          "backgroundColor": "transparent",
          "textAlign": "left",
        },
        undefined,
        undefined,
        undefined,
        undefined,
        Object {},
        undefined,
        undefined,
        Array [
          Object {
            "backgroundColor": "transparent",
            "flex": 0,
            "flexDirection": "row",
            "fontFamily": "System",
            "fontSize": 16,
            "fontWeight": "400",
            "lineHeight": 24,
          },
          Object {
            "color": "#FFCA45",
          },
          Object {},
          Object {},
          undefined,
        ],
      ]
    }
  >
    Button
  </Text>
</View>
`;

exports[`Button labelColor should return color according to color modifier 1`] = `
<View
  accessibilityRole="button"
  accessible={true}
  focusable={true}
  onClick={[Function]}
  onLayout={[Function]}
  onResponderGrant={[Function]}
  onResponderMove={[Function]}
  onResponderRelease={[Function]}
  onResponderTerminate={[Function]}
  onResponderTerminationRequest={[Function]}
  onStartShouldSetResponder={[Function]}
  style={
    Object {
      "alignItems": "center",
      "backgroundColor": "#5847FF",
      "borderRadius": 999,
      "flexDirection": "row",
      "justifyContent": "center",
      "minWidth": 90,
      "opacity": 1,
      "paddingHorizontal": 20,
      "paddingVertical": 9.5,
    }
  }
>
  <Text
    numberOfLines={1}
    style={
      Array [
        Object {
          "backgroundColor": "transparent",
          "textAlign": "left",
        },
        undefined,
        undefined,
        undefined,
        undefined,
        Object {},
        undefined,
        undefined,
        Array [
          Object {
            "backgroundColor": "transparent",
            "flex": 0,
            "flexDirection": "row",
            "fontFamily": "System",
            "fontSize": 16,
            "fontWeight": "400",
            "lineHeight": 24,
          },
          Object {
            "color": "#D72E15",
          },
          Object {},
          Object {},
          undefined,
        ],
      ]
    }
  >
    Button
  </Text>
</View>
`;

exports[`Button labelColor should return color according to color prop 1`] = `
<View
  accessibilityRole="button"
  accessible={true}
  focusable={true}
  onClick={[Function]}
  onLayout={[Function]}
  onResponderGrant={[Function]}
  onResponderMove={[Function]}
  onResponderRelease={[Function]}
  onResponderTerminate={[Function]}
  onResponderTerminationRequest={[Function]}
  onStartShouldSetResponder={[Function]}
  style={
    Object {
      "alignItems": "center",
      "backgroundColor": "#5847FF",
      "borderRadius": 999,
      "flexDirection": "row",
      "justifyContent": "center",
      "minWidth": 90,
      "opacity": 1,
      "paddingHorizontal": 20,
      "paddingVertical": 9.5,
    }
  }
>
  <Text
    numberOfLines={1}
    style={
      Array [
        Object {
          "backgroundColor": "transparent",
          "textAlign": "left",
        },
        undefined,
        undefined,
        undefined,
        undefined,
        Object {},
        undefined,
        undefined,
        Array [
          Object {
            "backgroundColor": "transparent",
            "flex": 0,
            "flexDirection": "row",
            "fontFamily": "System",
            "fontSize": 16,
            "fontWeight": "400",
            "lineHeight": 24,
          },
          Object {
            "color": "green",
          },
          Object {},
          Object {},
          undefined,
        ],
      ]
    }
  >
    Button
  </Text>
</View>
`;

exports[`Button labelColor should return disabled text color according to theme for link/outline button 1`] = `
<View
  accessibilityRole="button"
  accessible={true}
  focusable={true}
  onClick={[Function]}
  onLayout={[Function]}
  onResponderGrant={[Function]}
  onResponderMove={[Function]}
  onResponderRelease={[Function]}
  onResponderTerminate={[Function]}
  onResponderTerminationRequest={[Function]}
  onStartShouldSetResponder={[Function]}
  style={
    Object {
      "alignItems": "center",
      "backgroundColor": "transparent",
      "borderRadius": 0,
      "flexDirection": "row",
      "justifyContent": "center",
      "minWidth": undefined,
      "opacity": 1,
      "paddingHorizontal": undefined,
      "paddingVertical": undefined,
    }
  }
>
  <Text
    numberOfLines={1}
    style={
      Array [
        Object {
          "backgroundColor": "transparent",
          "textAlign": "left",
        },
        undefined,
        undefined,
        undefined,
        undefined,
        Object {},
        undefined,
        undefined,
        Array [
          Object {
            "backgroundColor": "transparent",
            "flex": 0,
            "flexDirection": "row",
            "fontFamily": "System",
            "fontSize": 16,
            "fontWeight": "400",
            "lineHeight": 24,
          },
          Object {
            "color": "#C2C7CB",
          },
          Object {},
          Object {},
          undefined,
        ],
      ]
    }
  >
    Button
  </Text>
</View>
`;

exports[`Button labelColor should return linkColor color for link 1`] = `
<View
  accessibilityRole="button"
  accessible={true}
  focusable={true}
  onClick={[Function]}
  onLayout={[Function]}
  onResponderGrant={[Function]}
  onResponderMove={[Function]}
  onResponderRelease={[Function]}
  onResponderTerminate={[Function]}
  onResponderTerminationRequest={[Function]}
  onStartShouldSetResponder={[Function]}
  style={
    Object {
      "alignItems": "center",
      "backgroundColor": "transparent",
      "borderRadius": 0,
      "flexDirection": "row",
      "justifyContent": "center",
      "minWidth": undefined,
      "opacity": 1,
      "paddingHorizontal": undefined,
      "paddingVertical": undefined,
    }
  }
>
  <Text
    numberOfLines={1}
    style={
      Array [
        Object {
          "backgroundColor": "transparent",
          "textAlign": "left",
        },
        undefined,
        undefined,
        undefined,
        undefined,
        Object {},
        undefined,
        undefined,
        Array [
          Object {
            "backgroundColor": "transparent",
            "flex": 0,
            "flexDirection": "row",
            "fontFamily": "System",
            "fontSize": 16,
            "fontWeight": "400",
            "lineHeight": 24,
          },
          Object {
            "color": "#F7A997",
          },
          Object {},
          Object {},
          undefined,
        ],
      ]
    }
  >
    Button
  </Text>
</View>
`;

exports[`Button labelColor should return undefined color if this is an icon button (without label) 1`] = `
<View
  accessibilityRole="button"
  accessible={true}
  focusable={true}
  onClick={[Function]}
  onLayout={[Function]}
  onResponderGrant={[Function]}
  onResponderMove={[Function]}
  onResponderRelease={[Function]}
  onResponderTerminate={[Function]}
  onResponderTerminationRequest={[Function]}
  onStartShouldSetResponder={[Function]}
  style={
    Object {
      "alignItems": "center",
      "backgroundColor": "#5847FF",
      "borderRadius": 999,
      "flexDirection": "row",
      "justifyContent": "center",
      "minWidth": undefined,
      "opacity": 1,
      "paddingHorizontal": undefined,
      "paddingVertical": undefined,
    }
  }
>
  <Image
    accessibilityRole="image"
    accessible={false}
    assetGroup="icons"
    onError={[Function]}
    source={12}
    style={
      Array [
        undefined,
        undefined,
        undefined,
        undefined,
        undefined,
        Object {},
        Array [
          Object {
            "tintColor": undefined,
          },
          undefined,
        ],
      ]
    }
  />
</View>
`;

exports[`Button link should render button as a link 1`] = `
<View
  accessibilityRole="button"
  accessible={true}
  focusable={true}
  onClick={[Function]}
  onLayout={[Function]}
  onResponderGrant={[Function]}
  onResponderMove={[Function]}
  onResponderRelease={[Function]}
  onResponderTerminate={[Function]}
  onResponderTerminationRequest={[Function]}
  onStartShouldSetResponder={[Function]}
  style={
    Object {
      "alignItems": "center",
      "backgroundColor": "transparent",
      "borderRadius": 0,
      "flexDirection": "row",
      "justifyContent": "center",
      "minWidth": undefined,
      "opacity": 1,
      "paddingHorizontal": undefined,
      "paddingVertical": undefined,
    }
  }
>
  <Text
    numberOfLines={1}
    style={
      Array [
        Object {
          "backgroundColor": "transparent",
          "textAlign": "left",
        },
        undefined,
        undefined,
        undefined,
        undefined,
        Object {},
        undefined,
        undefined,
        Array [
          Object {
            "backgroundColor": "transparent",
            "flex": 0,
            "flexDirection": "row",
            "fontFamily": "System",
            "fontSize": 16,
            "fontWeight": "400",
            "lineHeight": 24,
          },
          Object {
            "color": "#5847FF",
          },
          Object {},
          Object {},
          undefined,
        ],
      ]
    }
  >
    Button
  </Text>
</View>
`;

exports[`Button outline should render button with an outline 1`] = `
<View
  accessibilityRole="button"
  accessible={true}
  focusable={true}
  onClick={[Function]}
  onLayout={[Function]}
  onResponderGrant={[Function]}
  onResponderMove={[Function]}
  onResponderRelease={[Function]}
  onResponderTerminate={[Function]}
  onResponderTerminationRequest={[Function]}
  onStartShouldSetResponder={[Function]}
  style={
    Object {
      "alignItems": "center",
      "backgroundColor": "transparent",
      "borderColor": "#5847FF",
      "borderRadius": 999,
      "borderWidth": 1,
      "flexDirection": "row",
      "justifyContent": "center",
      "minWidth": 90,
      "opacity": 1,
      "paddingHorizontal": 19,
      "paddingVertical": 8.5,
    }
  }
>
  <Text
    numberOfLines={1}
    style={
      Array [
        Object {
          "backgroundColor": "transparent",
          "textAlign": "left",
        },
        undefined,
        undefined,
        undefined,
        undefined,
        Object {},
        undefined,
        undefined,
        Array [
          Object {
            "backgroundColor": "transparent",
            "flex": 0,
            "flexDirection": "row",
            "fontFamily": "System",
            "fontSize": 16,
            "fontWeight": "400",
            "lineHeight": 24,
          },
          Object {
            "color": "#5847FF",
          },
          Object {},
          Object {},
          undefined,
        ],
      ]
    }
  >
    Button
  </Text>
</View>
`;

exports[`Button outline should render button with an outlineColor 1`] = `
<View
  accessibilityRole="button"
  accessible={true}
  focusable={true}
  onClick={[Function]}
  onLayout={[Function]}
  onResponderGrant={[Function]}
  onResponderMove={[Function]}
  onResponderRelease={[Function]}
  onResponderTerminate={[Function]}
  onResponderTerminationRequest={[Function]}
  onStartShouldSetResponder={[Function]}
  style={
    Object {
      "alignItems": "center",
      "backgroundColor": "#5847FF",
      "borderColor": "blue",
      "borderRadius": 999,
      "borderWidth": 1,
      "flexDirection": "row",
      "justifyContent": "center",
      "minWidth": 90,
      "opacity": 1,
      "paddingHorizontal": 20,
      "paddingVertical": 9.5,
    }
  }
>
  <Text
    numberOfLines={1}
    style={
      Array [
        Object {
          "backgroundColor": "transparent",
          "textAlign": "left",
        },
        undefined,
        undefined,
        undefined,
        undefined,
        Object {},
        undefined,
        undefined,
        Array [
          Object {
            "backgroundColor": "transparent",
            "flex": 0,
            "flexDirection": "row",
            "fontFamily": "System",
            "fontSize": 16,
            "fontWeight": "400",
            "lineHeight": 24,
          },
          Object {
            "color": "#FFFFFF",
          },
          Object {},
          Object {},
          undefined,
        ],
      ]
    }
  >
    Button
  </Text>
</View>
`;

exports[`Button outline should render button with outline and outlineColor 1`] = `
<View
  accessibilityRole="button"
  accessible={true}
  focusable={true}
  onClick={[Function]}
  onLayout={[Function]}
  onResponderGrant={[Function]}
  onResponderMove={[Function]}
  onResponderRelease={[Function]}
  onResponderTerminate={[Function]}
  onResponderTerminationRequest={[Function]}
  onStartShouldSetResponder={[Function]}
  style={
    Object {
      "alignItems": "center",
      "backgroundColor": "transparent",
      "borderColor": "blue",
      "borderRadius": 999,
      "borderWidth": 1,
      "flexDirection": "row",
      "justifyContent": "center",
      "minWidth": 90,
      "opacity": 1,
      "paddingHorizontal": 19,
      "paddingVertical": 8.5,
    }
  }
>
  <Text
    numberOfLines={1}
    style={
      Array [
        Object {
          "backgroundColor": "transparent",
          "textAlign": "left",
        },
        undefined,
        undefined,
        undefined,
        undefined,
        Object {},
        undefined,
        undefined,
        Array [
          Object {
            "backgroundColor": "transparent",
            "flex": 0,
            "flexDirection": "row",
            "fontFamily": "System",
            "fontSize": 16,
            "fontWeight": "400",
            "lineHeight": 24,
          },
          Object {
            "color": "blue",
          },
          Object {},
          Object {},
          undefined,
        ],
      ]
    }
  >
    Button
  </Text>
</View>
`;

exports[`Button outline should return custom borderWidth according to outlineWidth passed 1`] = `
<View
  accessibilityRole="button"
  accessible={true}
  focusable={true}
  onClick={[Function]}
  onLayout={[Function]}
  onResponderGrant={[Function]}
  onResponderMove={[Function]}
  onResponderRelease={[Function]}
  onResponderTerminate={[Function]}
  onResponderTerminationRequest={[Function]}
  onStartShouldSetResponder={[Function]}
  style={
    Object {
      "alignItems": "center",
      "backgroundColor": "transparent",
      "borderColor": "#5847FF",
      "borderRadius": 999,
      "borderWidth": 3,
      "flexDirection": "row",
      "justifyContent": "center",
      "minWidth": 90,
      "opacity": 1,
      "paddingHorizontal": 17,
      "paddingVertical": 6.5,
    }
  }
>
  <Text
    numberOfLines={1}
    style={
      Array [
        Object {
          "backgroundColor": "transparent",
          "textAlign": "left",
        },
        undefined,
        undefined,
        undefined,
        undefined,
        Object {},
        undefined,
        undefined,
        Array [
          Object {
            "backgroundColor": "transparent",
            "flex": 0,
            "flexDirection": "row",
            "fontFamily": "System",
            "fontSize": 16,
            "fontWeight": "400",
            "lineHeight": 24,
          },
          Object {
            "color": "#5847FF",
          },
          Object {},
          Object {},
          undefined,
        ],
      ]
    }
  >
    Button
  </Text>
</View>
`;

exports[`Button outline should return disabled color for outline if button is disabled 1`] = `
<View
  accessibilityRole="button"
  accessible={true}
  focusable={true}
  onClick={[Function]}
  onLayout={[Function]}
  onResponderGrant={[Function]}
  onResponderMove={[Function]}
  onResponderRelease={[Function]}
  onResponderTerminate={[Function]}
  onResponderTerminationRequest={[Function]}
  onStartShouldSetResponder={[Function]}
  style={
    Object {
      "alignItems": "center",
      "backgroundColor": "transparent",
      "borderColor": "#E0E3E5",
      "borderRadius": 999,
      "borderWidth": 1,
      "flexDirection": "row",
      "justifyContent": "center",
      "minWidth": 90,
      "opacity": 1,
      "paddingHorizontal": 19,
      "paddingVertical": 8.5,
    }
  }
>
  <Text
    numberOfLines={1}
    style={
      Array [
        Object {
          "backgroundColor": "transparent",
          "textAlign": "left",
        },
        undefined,
        undefined,
        undefined,
        undefined,
        Object {},
        undefined,
        undefined,
        Array [
          Object {
            "backgroundColor": "transparent",
            "flex": 0,
            "flexDirection": "row",
            "fontFamily": "System",
            "fontSize": 16,
            "fontWeight": "400",
            "lineHeight": 24,
          },
          Object {
            "color": "#C2C7CB",
          },
          Object {},
          Object {},
          undefined,
        ],
      ]
    }
  >
    Button
  </Text>
</View>
`;

exports[`Button outline should return undefined when link is true, even when outline is true 1`] = `
<View
  accessibilityRole="button"
  accessible={true}
  focusable={true}
  onClick={[Function]}
  onLayout={[Function]}
  onResponderGrant={[Function]}
  onResponderMove={[Function]}
  onResponderRelease={[Function]}
  onResponderTerminate={[Function]}
  onResponderTerminationRequest={[Function]}
  onStartShouldSetResponder={[Function]}
  style={
    Object {
      "alignItems": "center",
      "backgroundColor": "transparent",
      "borderRadius": 0,
      "flexDirection": "row",
      "justifyContent": "center",
      "minWidth": undefined,
      "opacity": 1,
      "paddingHorizontal": undefined,
      "paddingVertical": undefined,
    }
  }
>
  <Text
    numberOfLines={1}
    style={
      Array [
        Object {
          "backgroundColor": "transparent",
          "textAlign": "left",
        },
        undefined,
        undefined,
        undefined,
        undefined,
        Object {},
        undefined,
        undefined,
        Array [
          Object {
            "backgroundColor": "transparent",
            "flex": 0,
            "flexDirection": "row",
            "fontFamily": "System",
            "fontSize": 16,
            "fontWeight": "400",
            "lineHeight": 24,
          },
          Object {
            "color": "#5847FF",
          },
          Object {},
          Object {},
          undefined,
        ],
      ]
    }
  >
    Button
  </Text>
</View>
`;

exports[`Button should render default button 1`] = `
<View
  accessibilityRole="button"
  accessible={true}
  focusable={true}
  onClick={[Function]}
  onLayout={[Function]}
  onResponderGrant={[Function]}
  onResponderMove={[Function]}
  onResponderRelease={[Function]}
  onResponderTerminate={[Function]}
  onResponderTerminationRequest={[Function]}
  onStartShouldSetResponder={[Function]}
  style={
    Object {
      "alignItems": "center",
      "backgroundColor": "#5847FF",
      "borderRadius": 999,
      "flexDirection": "row",
      "justifyContent": "center",
      "minWidth": 90,
      "opacity": 1,
      "paddingHorizontal": 20,
      "paddingVertical": 9.5,
    }
  }
>
  <Text
    numberOfLines={1}
    style={
      Array [
        Object {
          "backgroundColor": "transparent",
          "textAlign": "left",
        },
        undefined,
        undefined,
        undefined,
        undefined,
        Object {},
        undefined,
        undefined,
        Array [
          Object {
            "backgroundColor": "transparent",
            "flex": 0,
            "flexDirection": "row",
            "fontFamily": "System",
            "fontSize": 16,
            "fontWeight": "400",
            "lineHeight": 24,
          },
          Object {
            "color": "#FFFFFF",
          },
          Object {},
          Object {},
          undefined,
        ],
      ]
    }
  >
    Button
  </Text>
</View>
`;
