// Jest Snapshot v1, https://goo.gl/fbAQLP

exports[`AvatarScreen renders screen 1`] = `
<RCTScrollView
  contentContainerStyle={
    Object {
      "backgroundColor": "#FFFFFF",
      "padding": 25,
    }
  }
>
  <View>
    <View
      style={
        Array [
          undefined,
          undefined,
          undefined,
          undefined,
          undefined,
          undefined,
          undefined,
          Object {
            "alignItems": "center",
            "flexDirection": "row",
            "justifyContent": "space-between",
            "marginBottom": 15,
          },
        ]
      }
    >
      <Text
        $textDefault={true}
        style={
          Array [
            Object {
              "backgroundColor": "transparent",
              "color": "#20303C",
              "textAlign": "left",
            },
            undefined,
            Object {
              "color": "#20303C",
            },
            undefined,
            undefined,
            Object {},
            undefined,
            undefined,
            undefined,
            Object {
              "fontFamily": "System",
              "fontSize": 14,
              "fontWeight": "400",
              "lineHeight": 20,
            },
          ]
        }
      >
        Custom Background
      </Text>
      <View
        accessibilityLabel="Avatar"
        accessibilityRole="button"
        accessible={true}
        collapsable={false}
        focusable={true}
        onClick={[Function]}
        onResponderGrant={[Function]}
        onResponderMove={[Function]}
        onResponderRelease={[Function]}
        onResponderTerminate={[Function]}
        onResponderTerminationRequest={[Function]}
        onStartShouldSetResponder={[Function]}
        style={
          Object {
            "alignItems": "center",
            "borderRadius": 999,
            "height": 50,
            "justifyContent": "center",
            "marginVertical": 5,
            "opacity": 1,
            "width": 50,
          }
        }
      >
        <View
          style={
            Array [
              undefined,
              undefined,
              undefined,
              undefined,
              undefined,
              undefined,
              undefined,
              Array [
                Object {
                  "alignItems": "center",
                  "borderRadius": 999,
                  "bottom": 0,
                  "justifyContent": "center",
                  "left": 0,
                  "position": "absolute",
                  "right": 0,
                  "top": 0,
                },
                Object {
                  "backgroundColor": "#D1CCFF",
                },
                false,
              ],
            ]
          }
          testID="undefined.container"
        />
      </View>
    </View>
    <View
      style={
        Array [
          undefined,
          undefined,
          undefined,
          undefined,
          undefined,
          undefined,
          undefined,
          Object {
            "alignItems": "center",
            "flexDirection": "row",
            "justifyContent": "space-between",
            "marginBottom": 15,
          },
        ]
      }
    >
      <Text
        $textDefault={true}
        style={
          Array [
            Object {
              "backgroundColor": "transparent",
              "color": "#20303C",
              "textAlign": "left",
            },
            undefined,
            Object {
              "color": "#20303C",
            },
            undefined,
            undefined,
            Object {},
            undefined,
            undefined,
            undefined,
            Object {
              "fontFamily": "System",
              "fontSize": 14,
              "fontWeight": "400",
              "lineHeight": 20,
            },
          ]
        }
      >
        Empty Avatar with ribbon
      </Text>
      <View
        accessibilityLabel="Avatar"
        accessibilityRole="button"
        accessible={true}
        collapsable={false}
        focusable={true}
        onClick={[Function]}
        onResponderGrant={[Function]}
        onResponderMove={[Function]}
        onResponderRelease={[Function]}
        onResponderTerminate={[Function]}
        onResponderTerminationRequest={[Function]}
        onStartShouldSetResponder={[Function]}
        style={
          Object {
            "alignItems": "center",
            "borderRadius": 999,
            "height": 50,
            "justifyContent": "center",
            "marginVertical": 5,
            "opacity": 1,
            "width": 50,
          }
        }
      >
        <View
          style={
            Array [
              undefined,
              undefined,
              undefined,
              undefined,
              undefined,
              undefined,
              undefined,
              Array [
                Object {
                  "alignItems": "center",
                  "borderRadius": 999,
                  "bottom": 0,
                  "justifyContent": "center",
                  "left": 0,
                  "position": "absolute",
                  "right": 0,
                  "top": 0,
                },
                Object {
                  "backgroundColor": "#F8f9FA",
                },
                false,
              ],
            ]
          }
          testID="undefined.container"
        />
        <View
          style={
            Array [
              undefined,
              undefined,
              undefined,
              undefined,
              undefined,
              undefined,
              undefined,
              Array [
                Object {
                  "borderRadius": 25,
                  "left": 29.411764705882355,
                  "position": "absolute",
                  "top": "10%",
                },
                Object {
                  "backgroundColor": "#5A48F5",
                  "paddingHorizontal": 6,
                  "paddingVertical": 3,
                },
                undefined,
              ],
            ]
          }
        >
          <Text
            $textDefaultLight={true}
            numberOfLines={1}
            style={
              Array [
                Object {
                  "backgroundColor": "transparent",
                  "color": "#20303C",
                  "textAlign": "left",
                },
                Object {
                  "fontFamily": "System",
                  "fontSize": 10,
                  "fontWeight": "700",
                  "lineHeight": 16,
                },
                Object {
                  "color": "#FFFFFF",
                },
                undefined,
                undefined,
                Object {},
                undefined,
                undefined,
                undefined,
                undefined,
              ]
            }
            text100={true}
          >
            New
          </Text>
        </View>
      </View>
    </View>
    <View
      style={
        Array [
          undefined,
          undefined,
          undefined,
          undefined,
          undefined,
          undefined,
          undefined,
          Object {
            "alignItems": "center",
            "flexDirection": "row",
            "justifyContent": "space-between",
            "marginBottom": 15,
          },
        ]
      }
    >
      <Text
        $textDefault={true}
        style={
          Array [
            Object {
              "backgroundColor": "transparent",
              "color": "#20303C",
              "textAlign": "left",
            },
            undefined,
            Object {
              "color": "#20303C",
            },
            undefined,
            undefined,
            Object {},
            undefined,
            undefined,
            undefined,
            Object {
              "fontFamily": "System",
              "fontSize": 14,
              "fontWeight": "400",
              "lineHeight": 20,
            },
          ]
        }
      >
        Initials with Color
      </Text>
      <View
        accessibilityLabel="Avatar"
        accessibilityRole="button"
        accessible={true}
        collapsable={false}
        focusable={true}
        onClick={[Function]}
        onResponderGrant={[Function]}
        onResponderMove={[Function]}
        onResponderRelease={[Function]}
        onResponderTerminate={[Function]}
        onResponderTerminationRequest={[Function]}
        onStartShouldSetResponder={[Function]}
        style={
          Object {
            "alignItems": "center",
            "borderRadius": 999,
            "height": 50,
            "justifyContent": "center",
            "marginVertical": 5,
            "opacity": 1,
            "width": 50,
          }
        }
      >
        <View
          style={
            Array [
              undefined,
              undefined,
              undefined,
              undefined,
              undefined,
              undefined,
              undefined,
              Array [
                Object {
                  "alignItems": "center",
                  "borderRadius": 999,
                  "bottom": 0,
                  "justifyContent": "center",
                  "left": 0,
                  "position": "absolute",
                  "right": 0,
                  "top": 0,
                },
                Object {
                  "backgroundColor": "#FFF4D3",
                },
                false,
              ],
            ]
          }
          testID="undefined.container"
        >
          <Text
            numberOfLines={1}
            style={
              Array [
                Object {
                  "backgroundColor": "transparent",
                  "color": "#20303C",
                  "textAlign": "left",
                },
                undefined,
                undefined,
                undefined,
                undefined,
                undefined,
                undefined,
                undefined,
                undefined,
                Array [
                  Object {
                    "fontSize": 16,
                  },
                  Object {
                    "backgroundColor": "transparent",
                    "color": "#CD4700",
                    "lineHeight": undefined,
                  },
                  Object {
                    "color": "#CD4700",
                  },
                ],
              ]
            }
            testID="undefined.label"
          >
            AD
          </Text>
        </View>
        <View
          style={
            Array [
              undefined,
              undefined,
              undefined,
              undefined,
              undefined,
              undefined,
              undefined,
              Array [
                Object {
                  "borderRadius": 25,
                  "left": 29.411764705882355,
                  "position": "absolute",
                  "top": "10%",
                },
                Object {
                  "backgroundColor": "#5A48F5",
                  "paddingHorizontal": 6,
                  "paddingVertical": 3,
                },
                Object {
                  "backgroundColor": "#9f42bd",
                },
              ],
            ]
          }
        >
          <Text
            $textDefaultLight={true}
            numberOfLines={1}
            style={
              Array [
                Object {
                  "backgroundColor": "transparent",
                  "color": "#20303C",
                  "textAlign": "left",
                },
                Object {
                  "fontFamily": "System",
                  "fontSize": 10,
                  "fontWeight": "700",
                  "lineHeight": 16,
                },
                Object {
                  "color": "#FFFFFF",
                },
                undefined,
                undefined,
                Object {},
                undefined,
                undefined,
                undefined,
                undefined,
              ]
            }
            text100={true}
          >
            New
          </Text>
        </View>
      </View>
    </View>
    <View
      style={
        Array [
          undefined,
          undefined,
          undefined,
          undefined,
          undefined,
          undefined,
          undefined,
          Object {
            "alignItems": "center",
            "flexDirection": "row",
            "justifyContent": "space-between",
            "marginBottom": 15,
          },
        ]
      }
    >
      <Text
        $textDefault={true}
        style={
          Array [
            Object {
              "backgroundColor": "transparent",
              "color": "#20303C",
              "textAlign": "left",
            },
            undefined,
            Object {
              "color": "#20303C",
            },
            undefined,
            undefined,
            Object {},
            undefined,
            undefined,
            undefined,
            Object {
              "fontFamily": "System",
              "fontSize": 14,
              "fontWeight": "400",
              "lineHeight": 20,
            },
          ]
        }
      >
        Initials, badge ("online")
      </Text>
      <View
        accessibilityLabel="Avatar"
        accessibilityRole="button"
        accessible={true}
        collapsable={false}
        focusable={true}
        onClick={[Function]}
        onResponderGrant={[Function]}
        onResponderMove={[Function]}
        onResponderRelease={[Function]}
        onResponderTerminate={[Function]}
        onResponderTerminationRequest={[Function]}
        onStartShouldSetResponder={[Function]}
        style={
          Object {
            "alignItems": "center",
            "borderRadius": 999,
            "height": 50,
            "justifyContent": "center",
            "marginVertical": 5,
            "opacity": 1,
            "width": 50,
          }
        }
      >
        <View
          style={
            Array [
              undefined,
              undefined,
              undefined,
              undefined,
              undefined,
              undefined,
              undefined,
              Array [
                Object {
                  "alignItems": "center",
                  "borderRadius": 999,
                  "bottom": 0,
                  "justifyContent": "center",
                  "left": 0,
                  "position": "absolute",
                  "right": 0,
                  "top": 0,
                },
                Object {
                  "backgroundColor": "#F8f9FA",
                },
                false,
              ],
            ]
          }
          testID="undefined.container"
        >
          <Text
            numberOfLines={1}
            style={
              Array [
                Object {
                  "backgroundColor": "transparent",
                  "color": "#20303C",
                  "textAlign": "left",
                },
                undefined,
                undefined,
                undefined,
                undefined,
                undefined,
                undefined,
                undefined,
                undefined,
                Array [
                  Object {
                    "fontSize": 16,
                  },
                  Object {
                    "backgroundColor": "transparent",
                    "color": "#20303C",
                    "lineHeight": undefined,
                  },
                  Object {
                    "color": "#20303C",
                  },
                ],
              ]
            }
            testID="undefined.label"
          >
            ES
          </Text>
        </View>
        <View
          accessibilityLabel="badge"
          accessibilityRole="text"
          accessible={false}
          modifiers={Object {}}
          size={10}
          style={
            Array [
              undefined,
              undefined,
              undefined,
              undefined,
              undefined,
              undefined,
              undefined,
              Object {
                "position": "absolute",
                "right": 2.322330470336313,
                "top": 2.322330470336313,
              },
            ]
          }
        >
          <View
            pointerEvents="none"
            row={true}
            style={
              Array [
                undefined,
                undefined,
                undefined,
                undefined,
                Object {},
                Object {},
                Object {
                  "flexDirection": "row",
                },
                Array [
                  Object {
                    "height": 10,
                    "minWidth": undefined,
                    "paddingHorizontal": 0,
                    "width": 10,
                  },
                  Object {
                    "alignItems": "center",
                    "alignSelf": "flex-start",
                    "backgroundColor": "#116DFF",
                    "borderRadius": 999,
                    "justifyContent": "center",
                    "overflow": "hidden",
                  },
                  Object {},
                  Object {
                    "backgroundColor": "#00A87E",
                  },
                ],
              ]
            }
            testID="undefined.onlineBadge"
          />
        </View>
      </View>
    </View>
    <View
      style={
        Array [
          undefined,
          undefined,
          undefined,
          undefined,
          undefined,
          undefined,
          undefined,
          Object {
            "alignItems": "center",
            "flexDirection": "row",
            "justifyContent": "space-between",
            "marginBottom": 15,
          },
        ]
      }
    >
      <Text
        $textDefault={true}
        style={
          Array [
            Object {
              "backgroundColor": "transparent",
              "color": "#20303C",
              "textAlign": "left",
            },
            undefined,
            Object {
              "color": "#20303C",
            },
            undefined,
            undefined,
            Object {},
            undefined,
            undefined,
            undefined,
            Object {
              "fontFamily": "System",
              "fontSize": 14,
              "fontWeight": "400",
              "lineHeight": 20,
            },
          ]
        }
      >
        Image, badge ("away")
      </Text>
      <View
        accessibilityLabel="Avatar"
        accessibilityRole="button"
        accessible={true}
        collapsable={false}
        focusable={true}
        onClick={[Function]}
        onResponderGrant={[Function]}
        onResponderMove={[Function]}
        onResponderRelease={[Function]}
        onResponderTerminate={[Function]}
        onResponderTerminationRequest={[Function]}
        onStartShouldSetResponder={[Function]}
        style={
          Object {
            "alignItems": "center",
            "borderRadius": 999,
            "height": 50,
            "justifyContent": "center",
            "marginVertical": 5,
            "opacity": 1,
            "width": 50,
          }
        }
      >
        <View
          style={
            Array [
              undefined,
              undefined,
              undefined,
              undefined,
              undefined,
              undefined,
              undefined,
              Array [
                Object {
                  "alignItems": "center",
                  "borderRadius": 999,
                  "bottom": 0,
                  "justifyContent": "center",
                  "left": 0,
                  "position": "absolute",
                  "right": 0,
                  "top": 0,
                },
                Object {
                  "backgroundColor": "#F8f9FA",
                },
                Object {
                  "bottom": 1,
                  "left": 1,
                  "right": 1,
                  "top": 1,
                },
              ],
            ]
          }
          testID="undefined.container"
        />
        <Image
          accessibilityRole="image"
          accessible={false}
          assetGroup="icons"
          containerStyle={
            Object {
              "alignItems": "center",
              "borderRadius": 999,
              "height": 50,
              "justifyContent": "center",
              "width": 50,
            }
          }
          onError={[Function]}
          source={
            Object {
              "uri": "https://lh3.googleusercontent.com/-cw77lUnOvmI/AAAAAAAAAAI/AAAAAAAAAAA/WMNck32dKbc/s181-c/104220521160525129167.jpg",
            }
          }
          style={
            Array [
              undefined,
              undefined,
              undefined,
              undefined,
              undefined,
              undefined,
              false,
              Object {
                "height": 50,
                "width": 50,
              },
              Array [
                Object {
                  "alignItems": "center",
                  "borderRadius": 999,
                  "height": 50,
                  "justifyContent": "center",
                  "width": 50,
                },
                Object {
                  "bottom": 0,
                  "left": 0,
                  "position": "absolute",
                  "right": 0,
                  "top": 0,
                },
                undefined,
              ],
              false,
            ]
          }
          testID="undefined.image"
        />
        <View
          accessibilityLabel="badge"
          accessibilityRole="text"
          accessible={false}
          modifiers={Object {}}
          size={10}
          style={
            Array [
              undefined,
              undefined,
              undefined,
              undefined,
              undefined,
              undefined,
              undefined,
              Object {
                "bottom": 2.322330470336313,
                "position": "absolute",
                "right": 2.322330470336313,
              },
            ]
          }
        >
          <View
            pointerEvents="none"
            row={true}
            style={
              Array [
                undefined,
                undefined,
                undefined,
                undefined,
                Object {},
                Object {},
                Object {
                  "flexDirection": "row",
                },
                Array [
                  Object {
                    "height": 10,
                    "minWidth": undefined,
                    "paddingHorizontal": 0,
                    "width": 10,
                  },
                  Object {
                    "alignItems": "center",
                    "alignSelf": "flex-start",
                    "backgroundColor": "#116DFF",
                    "borderRadius": 999,
                    "justifyContent": "center",
                    "overflow": "hidden",
                  },
                  Object {},
                  Object {
                    "backgroundColor": "#FFC50D",
                  },
                ],
              ]
            }
            testID="undefined.onlineBadge"
          />
        </View>
      </View>
    </View>
    <View
      style={
        Array [
          undefined,
          undefined,
          undefined,
          undefined,
          undefined,
          undefined,
          undefined,
          Object {
            "alignItems": "center",
            "flexDirection": "row",
            "justifyContent": "space-between",
            "marginBottom": 15,
          },
        ]
      }
    >
      <Text
        $textDefault={true}
        style={
          Array [
            Object {
              "backgroundColor": "transparent",
              "color": "#20303C",
              "textAlign": "left",
            },
            undefined,
            Object {
              "color": "#20303C",
            },
            undefined,
            undefined,
            Object {},
            undefined,
            undefined,
            undefined,
            Object {
              "fontFamily": "System",
              "fontSize": 14,
              "fontWeight": "400",
              "lineHeight": 20,
            },
          ]
        }
      >
        Smaller size, Badge ("offline")
      </Text>
      <View
        accessibilityLabel="Avatar"
        accessibilityRole="button"
        accessible={true}
        collapsable={false}
        focusable={true}
        onClick={[Function]}
        onResponderGrant={[Function]}
        onResponderMove={[Function]}
        onResponderRelease={[Function]}
        onResponderTerminate={[Function]}
        onResponderTerminationRequest={[Function]}
        onStartShouldSetResponder={[Function]}
        style={
          Object {
            "alignItems": "center",
            "borderRadius": 999,
            "height": 40,
            "justifyContent": "center",
            "marginVertical": 5,
            "opacity": 1,
            "width": 40,
          }
        }
      >
        <View
          style={
            Array [
              undefined,
              undefined,
              undefined,
              undefined,
              undefined,
              undefined,
              undefined,
              Array [
                Object {
                  "alignItems": "center",
                  "borderRadius": 999,
                  "bottom": 0,
                  "justifyContent": "center",
                  "left": 0,
                  "position": "absolute",
                  "right": 0,
                  "top": 0,
                },
                Object {
                  "backgroundColor": "#F8f9FA",
                },
                Object {
                  "bottom": 1,
                  "left": 1,
                  "right": 1,
                  "top": 1,
                },
              ],
            ]
          }
          testID="undefined.container"
        />
        <Image
          accessibilityRole="image"
          accessible={false}
          assetGroup="icons"
          containerStyle={
            Object {
              "alignItems": "center",
              "borderRadius": 999,
              "height": 40,
              "justifyContent": "center",
              "width": 40,
            }
          }
          onError={[Function]}
          source={
            Object {
              "uri": "https://lh3.googleusercontent.com/-CMM0GmT5tiI/AAAAAAAAAAI/AAAAAAAAAAA/-o9gKbC6FVo/s181-c/111308920004613908895.jpg",
            }
          }
          style={
            Array [
              undefined,
              undefined,
              undefined,
              undefined,
              undefined,
              undefined,
              false,
              Object {
                "height": 40,
                "width": 40,
              },
              Array [
                Object {
                  "alignItems": "center",
                  "borderRadius": 999,
                  "height": 40,
                  "justifyContent": "center",
                  "width": 40,
                },
                Object {
                  "bottom": 0,
                  "left": 0,
                  "position": "absolute",
                  "right": 0,
                  "top": 0,
                },
                undefined,
              ],
              false,
            ]
          }
          testID="undefined.image"
        />
        <View
          accessibilityLabel="badge"
          accessibilityRole="text"
          accessible={false}
          modifiers={Object {}}
          size={10}
          style={
            Array [
              undefined,
              undefined,
              undefined,
              undefined,
              undefined,
              undefined,
              undefined,
              Object {
                "bottom": 0.8578643762690499,
                "left": 0.8578643762690499,
                "position": "absolute",
              },
            ]
          }
        >
          <View
            pointerEvents="none"
            row={true}
            style={
              Array [
                undefined,
                undefined,
                undefined,
                undefined,
                Object {},
                Object {},
                Object {
                  "flexDirection": "row",
                },
                Array [
                  Object {
                    "height": 10,
                    "minWidth": undefined,
                    "paddingHorizontal": 0,
                    "width": 10,
                  },
                  Object {
                    "alignItems": "center",
                    "alignSelf": "flex-start",
                    "backgroundColor": "#116DFF",
                    "borderRadius": 999,
                    "justifyContent": "center",
                    "overflow": "hidden",
                  },
                  Object {},
                  Object {
                    "backgroundColor": "#D2D6D8",
                  },
                ],
              ]
            }
            testID="undefined.onlineBadge"
          />
        </View>
      </View>
    </View>
    <View
      style={
        Array [
          undefined,
          undefined,
          undefined,
          undefined,
          undefined,
          undefined,
          undefined,
          Object {
            "alignItems": "center",
            "flexDirection": "row",
            "justifyContent": "space-between",
            "marginBottom": 15,
          },
        ]
      }
    >
      <Text
        $textDefault={true}
        style={
          Array [
            Object {
              "backgroundColor": "transparent",
              "color": "#20303C",
              "textAlign": "left",
            },
            undefined,
            Object {
              "color": "#20303C",
            },
            undefined,
            undefined,
            Object {},
            undefined,
            undefined,
            undefined,
            Object {
              "fontFamily": "System",
              "fontSize": 14,
              "fontWeight": "400",
              "lineHeight": 20,
            },
          ]
        }
      >
        Image with fade in animation
      </Text>
      <View
        accessibilityLabel="Avatar"
        accessibilityRole="button"
        accessible={true}
        collapsable={false}
        focusable={true}
        onClick={[Function]}
        onResponderGrant={[Function]}
        onResponderMove={[Function]}
        onResponderRelease={[Function]}
        onResponderTerminate={[Function]}
        onResponderTerminationRequest={[Function]}
        onStartShouldSetResponder={[Function]}
        style={
          Object {
            "alignItems": "center",
            "borderRadius": 999,
            "height": 60,
            "justifyContent": "center",
            "marginVertical": 5,
            "opacity": 1,
            "width": 60,
          }
        }
      >
        <View
          style={
            Array [
              undefined,
              undefined,
              undefined,
              undefined,
              undefined,
              undefined,
              undefined,
              Array [
                Object {
                  "alignItems": "center",
                  "borderRadius": 999,
                  "bottom": 0,
                  "justifyContent": "center",
                  "left": 0,
                  "position": "absolute",
                  "right": 0,
                  "top": 0,
                },
                Object {
                  "backgroundColor": "#F8f9FA",
                },
                Object {
                  "bottom": 1,
                  "left": 1,
                  "right": 1,
                  "top": 1,
                },
              ],
            ]
          }
          testID="undefined.container"
        />
        <View
          style={
            Array [
              undefined,
              undefined,
              undefined,
              undefined,
              undefined,
              undefined,
              undefined,
              Object {
                "alignItems": "center",
                "borderRadius": 999,
                "height": 60,
                "justifyContent": "center",
                "width": 60,
              },
            ]
          }
        >
          <Image
            accessibilityRole="image"
            accessible={false}
            assetGroup="icons"
            onError={[Function]}
            onLoad={[Function]}
            source={
              Object {
                "uri": "https://static.pexels.com/photos/60628/flower-garden-blue-sky-hokkaido-japan-60628.jpeg",
              }
            }
            style={
              Array [
                undefined,
                undefined,
                undefined,
                undefined,
                undefined,
                undefined,
                false,
                Object {
                  "height": 60,
                  "width": 60,
                },
                Array [
                  Array [
                    Object {
                      "alignItems": "center",
                      "borderRadius": 999,
                      "height": 60,
                      "justifyContent": "center",
                      "width": 60,
                    },
                    Object {
                      "bottom": 0,
                      "left": 0,
                      "position": "absolute",
                      "right": 0,
                      "top": 0,
                    },
                    undefined,
                  ],
                  Object {
                    "opacity": 0,
                  },
                ],
                false,
              ]
            }
            testID="undefined.image"
          />
        </View>
      </View>
    </View>
    <View
      style={
        Array [
          undefined,
          undefined,
          undefined,
          undefined,
          undefined,
          undefined,
          undefined,
          Object {
            "alignItems": "center",
            "flexDirection": "row",
            "justifyContent": "space-between",
            "marginBottom": 15,
          },
        ]
      }
    >
      <Text
        $textDefault={true}
        style={
          Array [
            Object {
              "backgroundColor": "transparent",
              "color": "#20303C",
              "textAlign": "left",
            },
            undefined,
            Object {
              "color": "#20303C",
            },
            undefined,
            undefined,
            Object {},
            undefined,
            undefined,
            undefined,
            Object {
              "fontFamily": "System",
              "fontSize": 14,
              "fontWeight": "400",
              "lineHeight": 20,
            },
          ]
        }
      >
        Big pimple
      </Text>
      <View
        accessibilityLabel="Avatar"
        accessibilityRole="button"
        accessible={true}
        collapsable={false}
        focusable={true}
        onClick={[Function]}
        onResponderGrant={[Function]}
        onResponderMove={[Function]}
        onResponderRelease={[Function]}
        onResponderTerminate={[Function]}
        onResponderTerminationRequest={[Function]}
        onStartShouldSetResponder={[Function]}
        style={
          Object {
            "alignItems": "center",
            "borderRadius": 999,
            "height": 70,
            "justifyContent": "center",
            "marginVertical": 5,
            "opacity": 1,
            "width": 70,
          }
        }
      >
        <View
          style={
            Array [
              undefined,
              undefined,
              undefined,
              undefined,
              undefined,
              undefined,
              undefined,
              Array [
                Object {
                  "alignItems": "center",
                  "borderRadius": 999,
                  "bottom": 0,
                  "justifyContent": "center",
                  "left": 0,
                  "position": "absolute",
                  "right": 0,
                  "top": 0,
                },
                Object {
                  "backgroundColor": "red",
                },
                Object {
                  "bottom": 1,
                  "left": 1,
                  "right": 1,
                  "top": 1,
                },
              ],
            ]
          }
          testID="undefined.container"
        />
        <Image
          accessibilityRole="image"
          accessible={false}
          assetGroup="icons"
          containerStyle={
            Object {
              "alignItems": "center",
              "borderRadius": 999,
              "height": 70,
              "justifyContent": "center",
              "width": 70,
            }
          }
          onError={[Function]}
          source={
            Object {
              "uri": "https://randomuser.me/api/portraits/women/24.jpg",
            }
          }
          style={
            Array [
              undefined,
              undefined,
              undefined,
              undefined,
              undefined,
              undefined,
              false,
              Object {
                "height": 70,
                "width": 70,
              },
              Array [
                Object {
                  "alignItems": "center",
                  "borderRadius": 999,
                  "height": 70,
                  "justifyContent": "center",
                  "width": 70,
                },
                Object {
                  "bottom": 0,
                  "left": 0,
                  "position": "absolute",
                  "right": 0,
                  "top": 0,
                },
                undefined,
              ],
              false,
            ]
          }
          testID="undefined.image"
        />
        <View
          accessibilityLabel="badge"
          accessibilityRole="text"
          accessible={false}
          modifiers={Object {}}
          size={14}
          style={
            Array [
              undefined,
              undefined,
              undefined,
              undefined,
              undefined,
              undefined,
              undefined,
              Object {
                "left": 3.2512626584708375,
                "position": "absolute",
                "top": 3.2512626584708375,
              },
            ]
          }
        >
          <View
            pointerEvents="none"
            row={true}
            style={
              Array [
                undefined,
                undefined,
                undefined,
                undefined,
                Object {},
                Object {},
                Object {
                  "flexDirection": "row",
                },
                Array [
                  Object {
                    "height": 14,
                    "minWidth": undefined,
                    "paddingHorizontal": 0,
                    "width": 14,
                  },
                  Object {
                    "alignItems": "center",
                    "alignSelf": "flex-start",
                    "backgroundColor": "#116DFF",
                    "borderRadius": 999,
                    "justifyContent": "center",
                    "overflow": "hidden",
                  },
                  Object {},
                  Object {
                    "backgroundColor": "#00A87E",
                  },
                ],
              ]
            }
            testID="undefined.onlineBadge"
          />
        </View>
      </View>
    </View>
    <View
      style={
        Array [
          undefined,
          undefined,
          undefined,
          undefined,
          undefined,
          undefined,
          undefined,
          Object {
            "alignItems": "center",
            "flexDirection": "row",
            "justifyContent": "space-between",
            "marginBottom": 15,
          },
        ]
      }
    >
      <Text
        $textDefault={true}
        style={
          Array [
            Object {
              "backgroundColor": "transparent",
              "color": "#20303C",
              "textAlign": "left",
            },
            undefined,
            Object {
              "color": "#20303C",
            },
            undefined,
            undefined,
            Object {},
            undefined,
            undefined,
            undefined,
            Object {
              "fontFamily": "System",
              "fontSize": 14,
              "fontWeight": "400",
              "lineHeight": 20,
            },
          ]
        }
      >
        Icon badge
      </Text>
      <View
        accessibilityLabel="Avatar"
        accessibilityRole="button"
        accessible={true}
        collapsable={false}
        focusable={true}
        onClick={[Function]}
        onResponderGrant={[Function]}
        onResponderMove={[Function]}
        onResponderRelease={[Function]}
        onResponderTerminate={[Function]}
        onResponderTerminationRequest={[Function]}
        onStartShouldSetResponder={[Function]}
        style={
          Object {
            "alignItems": "center",
            "borderRadius": 999,
            "height": 60,
            "justifyContent": "center",
            "marginVertical": 5,
            "opacity": 1,
            "width": 60,
          }
        }
      >
        <View
          style={
            Array [
              undefined,
              undefined,
              undefined,
              undefined,
              undefined,
              undefined,
              undefined,
              Array [
                Object {
                  "alignItems": "center",
                  "borderRadius": 999,
                  "bottom": 0,
                  "justifyContent": "center",
                  "left": 0,
                  "position": "absolute",
                  "right": 0,
                  "top": 0,
                },
                Object {
                  "backgroundColor": "#F8f9FA",
                },
                Object {
                  "bottom": 1,
                  "left": 1,
                  "right": 1,
                  "top": 1,
                },
              ],
            ]
          }
          testID="undefined.container"
        />
        <Image
          accessibilityRole="image"
          accessible={false}
          assetGroup="icons"
          containerStyle={
            Object {
              "alignItems": "center",
              "borderRadius": 999,
              "height": 60,
              "justifyContent": "center",
              "width": 60,
            }
          }
          onError={[Function]}
          source={
            Object {
              "uri": "https://randomuser.me/api/portraits/women/24.jpg",
            }
          }
          style={
            Array [
              undefined,
              undefined,
              undefined,
              undefined,
              undefined,
              undefined,
              false,
              Object {
                "height": 60,
                "width": 60,
              },
              Array [
                Object {
                  "alignItems": "center",
                  "borderRadius": 999,
                  "height": 60,
                  "justifyContent": "center",
                  "width": 60,
                },
                Object {
                  "bottom": 0,
                  "left": 0,
                  "position": "absolute",
                  "right": 0,
                  "top": 0,
                },
                undefined,
              ],
              false,
            ]
          }
          testID="undefined.image"
        />
        <View
          accessibilityLabel="badge"
          accessibilityRole="image"
          accessible={false}
          borderColor="#FFFFFF"
          icon={
            Object {
              "testUri": "../../../demo/src/assets/icons/star.png",
            }
          }
          iconStyle={
            Object {
              "backgroundColor": "#FFC50D",
            }
          }
          modifiers={Object {}}
          size={14}
          style={
            Array [
              undefined,
              undefined,
              undefined,
              undefined,
              undefined,
              undefined,
              undefined,
              Object {
                "position": "absolute",
                "right": 0.28679656440357526,
                "top": 0.28679656440357526,
              },
            ]
          }
        >
          <View
            pointerEvents="none"
            row={true}
            style={
              Array [
                undefined,
                undefined,
                undefined,
                undefined,
                Object {},
                Object {},
                Object {
                  "flexDirection": "row",
                },
                Array [
                  Object {
                    "height": 17,
                    "minWidth": undefined,
                    "paddingHorizontal": 0,
                    "width": 17,
                  },
                  Object {
                    "alignItems": "center",
                    "alignSelf": "flex-start",
                    "backgroundColor": undefined,
                    "borderRadius": 999,
                    "justifyContent": "center",
                    "overflow": "hidden",
                  },
                  Object {
                    "borderColor": "#FFFFFF",
                    "borderWidth": 1.5,
                  },
                  undefined,
                ],
              ]
            }
            testID="undefined.onlineBadge"
          >
            <Image
              accessibilityRole="image"
              accessible={false}
              assetGroup="icons"
              borderColor="#FFFFFF"
              onError={[Function]}
              resizeMode="contain"
              source={
                Object {
                  "testUri": "../../../demo/src/assets/icons/star.png",
                }
              }
              style={
                Array [
                  undefined,
                  undefined,
                  undefined,
                  undefined,
                  undefined,
                  undefined,
                  false,
                  undefined,
                  Object {
                    "backgroundColor": "#FFC50D",
                    "flex": 1,
                  },
                  false,
                ]
              }
            />
          </View>
        </View>
      </View>
    </View>
    <View
      style={
        Array [
          undefined,
          undefined,
          undefined,
          undefined,
          undefined,
          undefined,
          undefined,
          Object {
            "alignItems": "center",
            "flexDirection": "row",
            "justifyContent": "space-between",
            "marginBottom": 15,
          },
        ]
      }
    >
      <Text
        $textDefault={true}
        style={
          Array [
            Object {
              "backgroundColor": "transparent",
              "color": "#20303C",
              "textAlign": "left",
            },
            undefined,
            Object {
              "color": "#20303C",
            },
            undefined,
            undefined,
            Object {},
            undefined,
            undefined,
            undefined,
            Object {
              "fontFamily": "System",
              "fontSize": 14,
              "fontWeight": "400",
              "lineHeight": 20,
            },
          ]
        }
      >
        GIF
      </Text>
      <View
        accessibilityLabel="Avatar"
        accessibilityRole="button"
        accessible={true}
        collapsable={false}
        focusable={true}
        onClick={[Function]}
        onResponderGrant={[Function]}
        onResponderMove={[Function]}
        onResponderRelease={[Function]}
        onResponderTerminate={[Function]}
        onResponderTerminationRequest={[Function]}
        onStartShouldSetResponder={[Function]}
        style={
          Object {
            "alignItems": "center",
            "borderRadius": 999,
            "height": 48,
            "justifyContent": "center",
            "marginVertical": 5,
            "opacity": 1,
            "width": 48,
          }
        }
      >
        <View
          style={
            Array [
              undefined,
              undefined,
              undefined,
              undefined,
              undefined,
              undefined,
              undefined,
              Array [
                Object {
                  "alignItems": "center",
                  "borderRadius": 999,
                  "bottom": 0,
                  "justifyContent": "center",
                  "left": 0,
                  "position": "absolute",
                  "right": 0,
                  "top": 0,
                },
                Object {
                  "backgroundColor": "#F8f9FA",
                },
                Object {
                  "bottom": 1,
                  "left": 1,
                  "right": 1,
                  "top": 1,
                },
              ],
            ]
          }
          testID="undefined.container"
        />
        <Image
          accessibilityRole="image"
          accessible={false}
          assetGroup="icons"
          containerStyle={
            Object {
              "alignItems": "center",
              "borderRadius": 999,
              "height": 48,
              "justifyContent": "center",
              "width": 48,
            }
          }
          onError={[Function]}
          source={
            Object {
              "uri": "https://media.giphy.com/media/3oEdv8elIVRa3daNl6/giphy.gif",
            }
          }
          style={
            Array [
              undefined,
              undefined,
              undefined,
              undefined,
              undefined,
              undefined,
              false,
              Object {
                "height": 48,
                "width": 48,
              },
              Array [
                Object {
                  "alignItems": "center",
                  "borderRadius": 999,
                  "height": 48,
                  "justifyContent": "center",
                  "width": 48,
                },
                Object {
                  "bottom": 0,
                  "left": 0,
                  "position": "absolute",
                  "right": 0,
                  "top": 0,
                },
                undefined,
              ],
              false,
            ]
          }
          testID="undefined.image"
        />
      </View>
    </View>
    <View
      style={
        Array [
          undefined,
          undefined,
          undefined,
          undefined,
          undefined,
          undefined,
          undefined,
          Object {
            "alignItems": "center",
            "flexDirection": "row",
            "justifyContent": "space-between",
            "marginBottom": 15,
          },
        ]
      }
    >
      <Text
        $textDefault={true}
        style={
          Array [
            Object {
              "backgroundColor": "transparent",
              "color": "#20303C",
              "textAlign": "left",
            },
            undefined,
            Object {
              "color": "#20303C",
            },
            undefined,
            undefined,
            Object {},
            undefined,
            undefined,
            undefined,
            Object {
              "fontFamily": "System",
              "fontSize": 14,
              "fontWeight": "400",
              "lineHeight": 20,
            },
          ]
        }
      >
        Invalid Gravatar (see logs)
      </Text>
      <View
        accessibilityLabel="Avatar"
        accessibilityRole="button"
        accessible={true}
        collapsable={false}
        focusable={true}
        onClick={[Function]}
        onResponderGrant={[Function]}
        onResponderMove={[Function]}
        onResponderRelease={[Function]}
        onResponderTerminate={[Function]}
        onResponderTerminationRequest={[Function]}
        onStartShouldSetResponder={[Function]}
        style={
          Object {
            "alignItems": "center",
            "borderRadius": 999,
            "height": 50,
            "justifyContent": "center",
            "marginVertical": 5,
            "opacity": 1,
            "width": 50,
          }
        }
      >
        <View
          style={
            Array [
              undefined,
              undefined,
              undefined,
              undefined,
              undefined,
              undefined,
              undefined,
              Array [
                Object {
                  "alignItems": "center",
                  "borderRadius": 999,
                  "bottom": 0,
                  "justifyContent": "center",
                  "left": 0,
                  "position": "absolute",
                  "right": 0,
                  "top": 0,
                },
                Object {
                  "backgroundColor": "#E8ECF0",
                },
                Object {
                  "bottom": 1,
                  "left": 1,
                  "right": 1,
                  "top": 1,
                },
              ],
            ]
          }
          testID="undefined.container"
        >
          <Text
            numberOfLines={1}
            style={
              Array [
                Object {
                  "backgroundColor": "transparent",
                  "color": "#20303C",
                  "textAlign": "left",
                },
                undefined,
                undefined,
                undefined,
                undefined,
                undefined,
                undefined,
                undefined,
                undefined,
                Array [
                  Object {
                    "fontSize": 16,
                  },
                  Object {
                    "backgroundColor": "transparent",
                    "color": "#20303C",
                    "lineHeight": undefined,
                  },
                  Object {
                    "color": "#20303C",
                  },
                ],
              ]
            }
            testID="undefined.label"
          >
            🤦
          </Text>
        </View>
        <Image
          accessibilityRole="image"
          accessible={false}
          assetGroup="icons"
          containerStyle={
            Object {
              "alignItems": "center",
              "borderRadius": 999,
              "height": 50,
              "justifyContent": "center",
              "width": 50,
            }
          }
          onError={[Function]}
          onLoadEnd={[Function]}
          onLoadStart={[Function]}
          source={
            Object {
              "uri": "https://www.gravatar.com/avatar/00000000000000000000000000000000?d=404",
            }
          }
          style={
            Array [
              undefined,
              undefined,
              undefined,
              undefined,
              undefined,
              undefined,
              false,
              Object {
                "height": 50,
                "width": 50,
              },
              Array [
                Object {
                  "alignItems": "center",
                  "borderRadius": 999,
                  "height": 50,
                  "justifyContent": "center",
                  "width": 50,
                },
                Object {
                  "bottom": 0,
                  "left": 0,
                  "position": "absolute",
                  "right": 0,
                  "top": 0,
                },
                undefined,
              ],
              false,
            ]
          }
          testID="undefined.image"
        />
      </View>
    </View>
    <View
      style={
        Array [
          undefined,
          undefined,
          undefined,
          undefined,
          undefined,
          undefined,
          undefined,
          Object {
            "alignItems": "center",
            "flexDirection": "row",
            "justifyContent": "space-between",
            "marginBottom": 15,
          },
        ]
      }
    >
      <Text
        $textDefault={true}
        style={
          Array [
            Object {
              "backgroundColor": "transparent",
              "color": "#20303C",
              "textAlign": "left",
            },
            undefined,
            Object {
              "color": "#20303C",
            },
            undefined,
            undefined,
            Object {},
            undefined,
            undefined,
            undefined,
            Object {
              "fontFamily": "System",
              "fontSize": 14,
              "fontWeight": "400",
              "lineHeight": 20,
            },
          ]
        }
      >
        Monitored Avatar (see logs)
      </Text>
      <View
        accessibilityLabel="Avatar"
        accessibilityRole="button"
        accessible={true}
        collapsable={false}
        focusable={true}
        onClick={[Function]}
        onResponderGrant={[Function]}
        onResponderMove={[Function]}
        onResponderRelease={[Function]}
        onResponderTerminate={[Function]}
        onResponderTerminationRequest={[Function]}
        onStartShouldSetResponder={[Function]}
        style={
          Object {
            "alignItems": "center",
            "borderRadius": 999,
            "height": 50,
            "justifyContent": "center",
            "marginVertical": 5,
            "opacity": 1,
            "width": 50,
          }
        }
      >
        <View
          style={
            Array [
              undefined,
              undefined,
              undefined,
              undefined,
              undefined,
              undefined,
              undefined,
              Array [
                Object {
                  "alignItems": "center",
                  "borderRadius": 999,
                  "bottom": 0,
                  "justifyContent": "center",
                  "left": 0,
                  "position": "absolute",
                  "right": 0,
                  "top": 0,
                },
                Object {
                  "backgroundColor": "#116DFF",
                },
                Object {
                  "bottom": 1,
                  "left": 1,
                  "right": 1,
                  "top": 1,
                },
              ],
            ]
          }
          testID="undefined.container"
        >
          <Text
            numberOfLines={1}
            style={
              Array [
                Object {
                  "backgroundColor": "transparent",
                  "color": "#20303C",
                  "textAlign": "left",
                },
                undefined,
                undefined,
                undefined,
                undefined,
                undefined,
                undefined,
                undefined,
                undefined,
                Array [
                  Object {
                    "fontSize": 16,
                  },
                  Object {
                    "backgroundColor": "transparent",
                    "color": "#20303C",
                    "lineHeight": undefined,
                  },
                  Object {
                    "color": "#20303C",
                  },
                ],
              ]
            }
            testID="undefined.label"
          >
            ?!
          </Text>
        </View>
        <Image
          accessibilityRole="image"
          accessible={false}
          assetGroup="icons"
          containerStyle={
            Object {
              "alignItems": "center",
              "borderRadius": 999,
              "height": 50,
              "justifyContent": "center",
              "width": 50,
            }
          }
          onError={[Function]}
          onLoadEnd={[Function]}
          onLoadStart={[Function]}
          source={
            Object {
              "uri": "https://static.altomusic.com/media/catalog/product/M/A/MAJ100SBK_0.jpg",
            }
          }
          style={
            Array [
              undefined,
              undefined,
              undefined,
              undefined,
              undefined,
              undefined,
              false,
              Object {
                "height": 50,
                "width": 50,
              },
              Array [
                Object {
                  "alignItems": "center",
                  "borderRadius": 999,
                  "height": 50,
                  "justifyContent": "center",
                  "width": 50,
                },
                Object {
                  "bottom": 0,
                  "left": 0,
                  "position": "absolute",
                  "right": 0,
                  "top": 0,
                },
                undefined,
              ],
              false,
            ]
          }
          testID="undefined.image"
        />
      </View>
    </View>
    <View
      style={
        Array [
          undefined,
          undefined,
          undefined,
          undefined,
          undefined,
          undefined,
          undefined,
          Object {
            "alignItems": "center",
            "flexDirection": "row",
            "justifyContent": "space-between",
            "marginBottom": 15,
          },
        ]
      }
    >
      <Text
        $textDefault={true}
        style={
          Array [
            Object {
              "backgroundColor": "transparent",
              "color": "#20303C",
              "textAlign": "left",
            },
            undefined,
            Object {
              "color": "#20303C",
            },
            undefined,
            undefined,
            Object {},
            undefined,
            undefined,
            undefined,
            Object {
              "fontFamily": "System",
              "fontSize": 14,
              "fontWeight": "400",
              "lineHeight": 20,
            },
          ]
        }
      >
        Empty Gravatar
      </Text>
      <View
        accessibilityLabel="Avatar"
        accessibilityRole="button"
        accessible={true}
        collapsable={false}
        focusable={true}
        onClick={[Function]}
        onResponderGrant={[Function]}
        onResponderMove={[Function]}
        onResponderRelease={[Function]}
        onResponderTerminate={[Function]}
        onResponderTerminationRequest={[Function]}
        onStartShouldSetResponder={[Function]}
        style={
          Object {
            "alignItems": "center",
            "borderRadius": 999,
            "height": 50,
            "justifyContent": "center",
            "marginVertical": 5,
            "opacity": 1,
            "width": 50,
          }
        }
      >
        <View
          style={
            Array [
              undefined,
              undefined,
              undefined,
              undefined,
              undefined,
              undefined,
              undefined,
              Array [
                Object {
                  "alignItems": "center",
                  "borderRadius": 999,
                  "bottom": 0,
                  "justifyContent": "center",
                  "left": 0,
                  "position": "absolute",
                  "right": 0,
                  "top": 0,
                },
                Object {
                  "backgroundColor": "#FFEDEC",
                },
                Object {
                  "bottom": 1,
                  "left": 1,
                  "right": 1,
                  "top": 1,
                },
              ],
            ]
          }
          testID="undefined.container"
        />
        <Image
          accessibilityRole="image"
          accessible={false}
          assetGroup="icons"
          containerStyle={
            Object {
              "alignItems": "center",
              "borderRadius": 999,
              "height": 50,
              "justifyContent": "center",
              "width": 50,
            }
          }
          onError={[Function]}
          source={
            Object {
              "uri": "https://www.gravatar.com/avatar/2497473d558a37020c558bf26e380a7c?d=blank",
            }
          }
          style={
            Array [
              undefined,
              undefined,
              undefined,
              undefined,
              undefined,
              undefined,
              false,
              Object {
                "height": 50,
                "width": 50,
              },
              Array [
                Object {
                  "alignItems": "center",
                  "borderRadius": 999,
                  "height": 50,
                  "justifyContent": "center",
                  "width": 50,
                },
                Object {
                  "bottom": 0,
                  "left": 0,
                  "position": "absolute",
                  "right": 0,
                  "top": 0,
                },
                undefined,
              ],
              false,
            ]
          }
          testID="undefined.image"
        />
      </View>
    </View>
    <View
      style={
        Array [
          undefined,
          undefined,
          undefined,
          undefined,
          undefined,
          undefined,
          undefined,
          Object {
            "alignItems": "center",
            "flexDirection": "row",
            "justifyContent": "space-between",
            "marginBottom": 15,
          },
        ]
      }
    >
      <Text
        $textDefault={true}
        style={
          Array [
            Object {
              "backgroundColor": "transparent",
              "color": "#20303C",
              "textAlign": "left",
            },
            undefined,
            Object {
              "color": "#20303C",
            },
            undefined,
            undefined,
            Object {},
            undefined,
            undefined,
            undefined,
            Object {
              "fontFamily": "System",
              "fontSize": 14,
              "fontWeight": "400",
              "lineHeight": 20,
            },
          ]
        }
      >
        With custom badge label
      </Text>
      <View
        accessibilityLabel="Avatar"
        accessibilityRole="button"
        accessible={true}
        collapsable={false}
        focusable={true}
        onClick={[Function]}
        onResponderGrant={[Function]}
        onResponderMove={[Function]}
        onResponderRelease={[Function]}
        onResponderTerminate={[Function]}
        onResponderTerminationRequest={[Function]}
        onStartShouldSetResponder={[Function]}
        style={
          Object {
            "alignItems": "center",
            "borderRadius": 999,
            "height": 50,
            "justifyContent": "center",
            "marginVertical": 5,
            "opacity": 1,
            "width": 50,
          }
        }
      >
        <View
          style={
            Array [
              undefined,
              undefined,
              undefined,
              undefined,
              undefined,
              undefined,
              undefined,
              Array [
                Object {
                  "alignItems": "center",
                  "borderRadius": 999,
                  "bottom": 0,
                  "justifyContent": "center",
                  "left": 0,
                  "position": "absolute",
                  "right": 0,
                  "top": 0,
                },
                Object {
                  "backgroundColor": "#FFEDEC",
                },
                false,
              ],
            ]
          }
          testID="undefined.container"
        >
          <Text
            numberOfLines={1}
            style={
              Array [
                Object {
                  "backgroundColor": "transparent",
                  "color": "#20303C",
                  "textAlign": "left",
                },
                undefined,
                undefined,
                undefined,
                undefined,
                undefined,
                undefined,
                undefined,
                undefined,
                Array [
                  Object {
                    "fontSize": 16,
                  },
                  Object {
                    "backgroundColor": "transparent",
                    "color": "#20303C",
                    "lineHeight": undefined,
                  },
                  Object {
                    "color": "#20303C",
                  },
                ],
              ]
            }
            testID="undefined.label"
          >
            LD
          </Text>
        </View>
        <View
          accessibilityLabel="+2 new items"
          accessibilityRole="text"
          accessible={true}
          borderColor="#FFFFFF"
          label="+2"
          modifiers={Object {}}
          size={24}
          style={
            Array [
              undefined,
              undefined,
              undefined,
              undefined,
              Object {},
              Object {},
              Object {},
              Object {
                "bottom": -6.177669529663687,
                "position": "absolute",
                "right": -6.177669529663687,
              },
            ]
          }
        >
          <View
            pointerEvents="none"
            row={true}
            style={
              Array [
                undefined,
                undefined,
                undefined,
                undefined,
                Object {},
                Object {},
                Object {
                  "flexDirection": "row",
                },
                Array [
                  Object {
                    "height": 27,
                    "minWidth": 27,
                    "paddingHorizontal": 6,
                  },
                  Object {
                    "alignItems": "center",
                    "alignSelf": "flex-start",
                    "backgroundColor": "#116DFF",
                    "borderRadius": 999,
                    "justifyContent": "center",
                    "overflow": "hidden",
                  },
                  Object {
                    "borderColor": "#FFFFFF",
                    "borderWidth": 1.5,
                  },
                  undefined,
                ],
              ]
            }
            testID="undefined.onlineBadge"
          >
            <Text
              allowFontScaling={false}
              numberOfLines={1}
              style={
                Array [
                  Object {
                    "backgroundColor": "transparent",
                    "color": "#FFFFFF",
                    "fontFamily": "System",
                    "fontSize": 12,
                    "fontWeight": "700",
                    "lineHeight": 16,
                  },
                  false,
                  undefined,
                ]
              }
              testID="badge"
            >
              +2
            </Text>
          </View>
        </View>
      </View>
    </View>
  </View>
</RCTScrollView>
`;
