// Jest Snapshot v1, https://goo.gl/fbAQLP

exports[`style/index should export the same structure 1`] = `
Object {
  "BorderRadiuses": BorderRadiuses {
    "br0": 0,
    "br10": 3,
    "br100": 999,
    "br20": 6,
    "br30": 9,
    "br40": 12,
    "br50": 15,
    "br60": 20,
  },
  "Colors": Colors {
    "black": "#000000",
    "blue10": "#3182C8",
    "blue20": "#4196E0",
    "blue30": "#459FED",
    "blue40": "#57a8ef",
    "blue50": "#8fc5f4",
    "blue60": "#b5d9f8",
    "blue70": "#daecfb",
    "blue80": "#ecf5fd",
    "cyan10": "#00AAAF",
    "cyan20": "#32BABC",
    "cyan30": "#3CC7C5",
    "cyan40": "#64D4D2",
    "cyan50": "#8BDFDD",
    "cyan60": "#B1E9E9",
    "cyan70": "#D8F4F4",
    "cyan80": "#EBF9F9",
    "dark10": "#20303C",
    "dark20": "#43515C",
    "dark30": "#66737C",
    "dark40": "#858F96",
    "dark50": "#A3ABB0",
    "dark60": "#C2C7CB",
    "dark70": "#E0E3E5",
    "dark80": "#F2F4F5",
    "green10": "#00A65F",
    "green20": "#32B76C",
    "green30": "#65C888",
    "green40": "#84D3A0",
    "green50": "#A3DEB8",
    "green60": "#C1E9CF",
    "green70": "#E8F7EF",
    "green80": "#F3FBF7",
    "orange10": "#D9644A",
    "orange20": "#E66A4E",
    "orange30": "#F27052",
    "orange40": "#F37E63",
    "orange50": "#F7A997",
    "orange60": "#FAC6BA",
    "orange70": "#FCE2DC",
    "orange80": "#FEF0ED",
    "purple10": "#8B1079",
    "purple20": "#A0138E",
    "purple30": "#B13DAC",
    "purple40": "#C164BD",
    "purple50": "#D08BCD",
    "purple60": "#E0B1DE",
    "purple70": "#EFD8EE",
    "purple80": "#F7EBF7",
    "red10": "#CF262F",
    "red20": "#EE2C38",
    "red30": "#F2564D",
    "red40": "#F57871",
    "red50": "#F79A94",
    "red60": "#FABBB8",
    "red70": "#FCDDDB",
    "red80": "#FEEEED",
    "violet10": "#48217B",
    "violet20": "#542790",
    "violet30": "#733CA6",
    "violet40": "#8F63B8",
    "violet50": "#AB8ACA",
    "violet60": "#C7B1DB",
    "violet70": "#E3D8ED",
    "violet80": "#F1EBF6",
    "white": "#ffffff",
    "yellow10": "#E2902B",
    "yellow20": "#FAA030",
    "yellow30": "#FAAD4D",
    "yellow40": "#FBBD71",
    "yellow50": "#FCCE94",
    "yellow60": "#FDDEB8",
    "yellow70": "#FEEFDB",
    "yellow80": "#FEF7ED",
  },
  "Components": Object {
    "accessoryIndicator": Object {
      "backgroundColor": "transparent",
      "borderColor": "#C2C7CB",
      "borderRightWidth": 1.5,
      "borderTopWidth": 1.5,
      "height": 10,
      "marginLeft": 10,
      "transform": Array [
        Object {
          "rotate": "45deg",
        },
      ],
      "width": 10,
    },
  },
  "ComponentsColors": Object {
    "CTA": "#459FED",
    "disabledText": "#A3ABB0",
  },
  "Shadows": Object {
    "dark10": Object {
      "bottom": Object {
        "shadowColor": "#20303C",
        "shadowOffset": Object {
          "height": 2,
          "width": 0,
        },
        "shadowOpacity": 0.03,
        "shadowRadius": 2,
      },
      "top": Object {
        "shadowColor": "#43515C",
        "shadowOpacity": 0.02,
        "shadowRadius": 13.5,
      },
    },
    "dark20": Object {
      "bottom": Object {
        "shadowColor": "#20303C",
        "shadowOffset": Object {
          "height": 2.5,
          "width": 0,
        },
        "shadowOpacity": 0.02,
        "shadowRadius": 3,
      },
      "top": Object {
        "shadowColor": "#43515C",
        "shadowOpacity": 0.03,
        "shadowRadius": 15,
      },
    },
    "dark30": Object {
      "bottom": Object {
        "shadowColor": "#43515C",
        "shadowOffset": Object {
          "height": 7,
          "width": 0,
        },
        "shadowOpacity": 0.04,
        "shadowRadius": 8,
      },
      "top": Object {
        "shadowColor": "#20303C",
        "shadowOffset": Object {
          "height": 3,
          "width": 0,
        },
        "shadowOpacity": 0.04,
        "shadowRadius": 3.5,
      },
    },
    "dark40": Object {
      "bottom": Object {
        "shadowColor": "#43515C",
        "shadowOffset": Object {
          "height": 10,
          "width": 0,
        },
        "shadowOpacity": 0.04,
        "shadowRadius": 9,
      },
      "top": Object {
        "shadowColor": "#20303C",
        "shadowOffset": Object {
          "height": 5,
          "width": 0,
        },
        "shadowOpacity": 0.04,
        "shadowRadius": 4.5,
      },
    },
    "loadShadows": [Function],
    "white10": Object {
      "bottom": Object {
        "shadowColor": "#20303C",
        "shadowOffset": Object {
          "height": 2,
          "width": 0,
        },
        "shadowOpacity": 0.09,
        "shadowRadius": 2,
      },
      "top": Object {
        "shadowColor": "#43515C",
        "shadowOpacity": 0.04,
        "shadowRadius": 13.5,
      },
    },
    "white20": Object {
      "bottom": Object {
        "shadowColor": "#20303C",
        "shadowOffset": Object {
          "height": 3,
          "width": 0,
        },
        "shadowOpacity": 0.04,
        "shadowRadius": 3,
      },
      "top": Object {
        "shadowColor": "#43515C",
        "shadowOpacity": 0.06,
        "shadowRadius": 15,
      },
    },
    "white30": Object {
      "bottom": Object {
        "shadowColor": "#20303C",
        "shadowOffset": Object {
          "height": 4,
          "width": 0,
        },
        "shadowOpacity": 0.06,
        "shadowRadius": 4.5,
      },
      "top": Object {
        "shadowColor": "#43515C",
        "shadowOpacity": 0.05,
        "shadowRadius": 12,
      },
    },
    "white40": Object {
      "bottom": Object {
        "shadowColor": "#20303C",
        "shadowOffset": Object {
          "height": 5,
          "width": 0,
        },
        "shadowOpacity": 0.07,
        "shadowRadius": 8.5,
      },
      "top": Object {
        "shadowColor": "#43515C",
        "shadowOpacity": 0.06,
        "shadowRadius": 18.5,
      },
    },
  },
  "Spacings": Spacings {
    "s1": 3,
    "s10": 30,
    "s2": 6,
    "s3": 9,
    "s4": 12,
    "s5": 15,
    "s6": 18,
    "s7": 21,
    "s8": 24,
    "s9": 27,
  },
  "ThemeManager": ThemeManager {
    "theme": Object {
      "CTA": Object {
        "backgroundColor": "#459FED",
        "disabledColor": "#C2C7CB",
        "textColor": "#ffffff",
      },
      "components": Object {
        "TouchableOpacity": Object {
          "throttleOptions": Object {
            "leading": true,
            "trailing": false,
          },
          "throttleTime": 0,
        },
      },
      "dividerColor": "#E0E3E5",
      "primaryColor": "#459FED",
      "subtitleColor": "#858F96",
      "titleColor": "#20303C",
    },
  },
  "Typography": Typography {
    "text10": Object {
      "fontFamily": undefined,
      "fontSize": 64,
      "fontWeight": "100",
      "lineHeight": 89,
    },
    "text100": Object {
      "fontFamily": undefined,
      "fontSize": 11,
      "fontWeight": "300",
      "lineHeight": 12,
    },
    "text20": Object {
      "fontFamily": undefined,
      "fontSize": 50,
      "fontWeight": "100",
      "lineHeight": 70,
    },
    "text30": Object {
      "fontFamily": undefined,
      "fontSize": 36,
      "fontWeight": "200",
      "lineHeight": 46,
    },
    "text40": Object {
      "fontFamily": undefined,
      "fontSize": 28,
      "fontWeight": "300",
      "lineHeight": 33,
    },
    "text50": Object {
      "fontFamily": undefined,
      "fontSize": 22,
      "fontWeight": "300",
      "lineHeight": 27,
    },
    "text60": Object {
      "fontFamily": undefined,
      "fontSize": 20,
      "fontWeight": "300",
      "lineHeight": 24,
    },
    "text70": Object {
      "fontFamily": undefined,
      "fontSize": 17,
      "fontWeight": "300",
      "lineHeight": 21,
    },
    "text80": Object {
      "fontFamily": undefined,
      "fontSize": 15,
      "fontWeight": "300",
      "lineHeight": 19,
    },
    "text90": Object {
      "fontFamily": undefined,
      "fontSize": 13,
      "fontWeight": "300",
      "lineHeight": 17,
    },
  },
}
`;
